Microchip MPLAB XC8 Compiler V1.34 ()

Linker command line:

-W-3 --edf=C:\Program Files (x86)\Microchip\xc8\v1.34\dat\en_msgs.txt -cs \
  -h+dist/default/debug\RemoteGestureControl.X.debug.sym \
  --cmf=dist/default/debug\RemoteGestureControl.X.debug.cmf -z -Q18F45K20 \
  -oC:\Users\luizg\AppData\Local\Temp\s2oms.6 \
  -Mdist/default/debug/RemoteGestureControl.X.debug.map -E1 -ver=XC8 \
  -ASTACK=0158h-05eeh -pstack=STACK -ACODE=00h-07CFFh -ACONST=00h-07CFFh \
  -ASMALLCONST=0600h-06FFhx119 -AMEDIUMCONST=0600h-07CFFh -ACOMRAM=01h-05Fh \
  -AABS1=00h-05EEh -ABIGRAM=01h-05EEh \
  -ARAM=060h-0FFh,0100h-01FFhx4,0500h-05EEh -ABANK0=060h-0FFh \
  -ABANK1=0100h-01FFh -ABANK2=0200h-02FFh -ABANK3=0300h-03FFh \
  -ABANK4=0400h-04FFh -ABANK5=0500h-05EEh \
  -ASFR=0F60h-0F9Bh,0F9Dh-0FD3h,0FD5h-0FDAh,0FE0h-0FE2h,0FE8h-0FEAh,0FF0h-0FFBh \
  -preset_vec=00h,intcode=08h,intcodelo=018h,powerup,init,end_init \
  -pramtop=0600h -psmallconst=SMALLCONST -pmediumconst=MEDIUMCONST \
  -pconst=CONST -AFARRAM=00h-00h -ACONFIG=0300000h-030000Dh -pconfig=CONFIG \
  -AIDLOC=0200000h-0200007h -pidloc=IDLOC -AEEDATA=0F00000h-0F000FFh \
  -peeprom_data=EEDATA \
  -prdata=COMRAM,nvrram=COMRAM,nvbit=COMRAM,rbss=COMRAM,rbit=COMRAM \
  -pfarbss=FARRAM,fardata=FARRAM,nvFARRAM=FARRAM \
  -pintsave_regs=BIGRAM,bigbss=BIGRAM,bigdata=BIGRAM -pbss=RAM \
  -pidata=CODE,irdata=CODE,ibigdata=CODE,ifardata=CODE -prparam=COMRAM \
  C:\Users\luizg\AppData\Local\Temp\s2oms.obj \
  dist/default/debug\RemoteGestureControl.X.debug.obj 

Object code version is 3.11

Machine type is 18F45K20

Call graph: (short form)




                Name                               Link     Load   Length Selector   Space Scale
C:\Users\luizg\AppData\Local\Temp\s2oms.obj
                end_init                             A2       A2        4        C       0
                reset_vec                             0        0        6        0       0
                idloc                            200000   200000        8   200000       0
                config                           300000   300000        E   300000       0
dist/default/debug\RemoteGestureControl.X.debug.obj
                intcodelo                            18       18       8A        C       0
                intcode                               8        8       10        4       0
                smallconst                          600      600       7A      300       0
                intcode_body                       2914     2914       66      33D       0
                text44                             2D5E     2D5E       12      33D       0
                text43                             297A     297A       64      33D       0
                text42                             2CC6     2CC6       22      33D       0
                text41                             2A3E     2A3E       58      33D       0
                text40                             2428     2428       E8      33D       0
                text39                             2CA4     2CA4       22      33D       0
                text38                             25F4     25F4       A2      33D       0
                text37                             2D4C     2D4C       12      33D       0
                text36                             2D36     2D36       16      33D       0
                text35                             2D20     2D20       16      33D       0
                text34                             2B6E     2B6E       3E      33D       0
                text33                             2732     2732       92      33D       0
                text32                             2D06     2D06       1A      33D       0
                text31                             222E     222E      110      33D       0
                text30                             2AE8     2AE8       44      33D       0
                text29                             1D96     1D96      136      33D       0
                text28                             2C7C     2C7C       28      33D       0
                text27                             192E     192E      18A      33D       0
                text26                             2510     2510       E4      33D       0
                text25                             1050     1050      260      33D       0
                text24                             1C32     1C32      164      33D       0
                text23                             211C     211C      112      33D       0
                text22                             2C1A     2C1A       32      33D       0
                text21                             2BAC     2BAC       3C      33D       0
                text20                             12B0     12B0      256      33D       0
                text19                             29DE     29DE       60      33D       0
                text18                             1506     1506      228      33D       0
                text17                              AA0      AA0      324      33D       0
                text16                             2836     2836       72      33D       0
                text15                             2C4C     2C4C       30      33D       0
                text14                             2A96     2A96       52      33D       0
                text13                             233E     233E       EA      33D       0
                text12                             2696     2696       9C      33D       0
                text11                             1FFE     1FFE      11E      33D       0
                text10                             1ECC     1ECC      132      33D       0
                text9                               DC4      DC4      28C      33D       0
                text8                              1AB8     1AB8      17A      33D       0
                text7                              172E     172E      200      33D       0
                text6                               67A      67A      426      33D       0
                text5                              2D78     2D78        4      33D       0
                text4                              2CE8     2CE8       1E      33D       0
                text3                              27C4     27C4       72      33D       0
                text2                              2D70     2D70        8      33D       0
                text1                              2B2C     2B2C       42      33D       0
                text0                              28A8     28A8       6C      33D       0
                cstackCOMRAM                          1        1       2C        1       1
                cstackBANK0                          60       60       82       60       1
                cstackBANK1                         100      100       44      100       1
                bssBANK1                            144      144       14      100       1
                bssBANK0                             E2       E2       1A       60       1
                bssCOMRAM                            2D       2D       14        1       1
                cinit                              2BE8     2BE8       32      33D       0

TOTAL           Name                               Link     Load   Length     Space
        CLASS   STACK          

        CLASS   CODE           
                end_init                             A2       A2        4         0
                intcodelo                            18       18       8A         0
                intcode                               8        8       10         0
                reset_vec                             0        0        6         0
                intcode_body                       2914     2914       66         0
                text44                             2D5E     2D5E       12         0
                text43                             297A     297A       64         0
                text42                             2CC6     2CC6       22         0
                text41                             2A3E     2A3E       58         0
                text40                             2428     2428       E8         0
                text39                             2CA4     2CA4       22         0
                text38                             25F4     25F4       A2         0
                text37                             2D4C     2D4C       12         0
                text36                             2D36     2D36       16         0
                text35                             2D20     2D20       16         0
                text34                             2B6E     2B6E       3E         0
                text33                             2732     2732       92         0
                text32                             2D06     2D06       1A         0
                text31                             222E     222E      110         0
                text30                             2AE8     2AE8       44         0
                text29                             1D96     1D96      136         0
                text28                             2C7C     2C7C       28         0
                text27                             192E     192E      18A         0
                text26                             2510     2510       E4         0
                text25                             1050     1050      260         0
                text24                             1C32     1C32      164         0
                text23                             211C     211C      112         0
                text22                             2C1A     2C1A       32         0
                text21                             2BAC     2BAC       3C         0
                text20                             12B0     12B0      256         0
                text19                             29DE     29DE       60         0
                text18                             1506     1506      228         0
                text17                              AA0      AA0      324         0
                text16                             2836     2836       72         0
                text15                             2C4C     2C4C       30         0
                text14                             2A96     2A96       52         0
                text13                             233E     233E       EA         0
                text12                             2696     2696       9C         0
                text11                             1FFE     1FFE      11E         0
                text10                             1ECC     1ECC      132         0
                text9                               DC4      DC4      28C         0
                text8                              1AB8     1AB8      17A         0
                text7                              172E     172E      200         0
                text6                               67A      67A      426         0
                text5                              2D78     2D78        4         0
                text4                              2CE8     2CE8       1E         0
                text3                              27C4     27C4       72         0
                text2                              2D70     2D70        8         0
                text1                              2B2C     2B2C       42         0
                text0                              28A8     28A8       6C         0
                cinit                              2BE8     2BE8       32         0

        CLASS   CONST          

        CLASS   SMALLCONST     
                smallconst                          600      600       7A         0

        CLASS   MEDIUMCONST    

        CLASS   COMRAM         
                cstackCOMRAM                          1        1       2C         1
                bssCOMRAM                            2D       2D       14         1

        CLASS   ABS1           

        CLASS   BIGRAM         

        CLASS   RAM            

        CLASS   BANK0          
                cstackBANK0                          60       60       82         1
                bssBANK0                             E2       E2       1A         1

        CLASS   BANK1          
                cstackBANK1                         100      100       44         1
                bssBANK1                            144      144       14         1

        CLASS   BANK2          

        CLASS   BANK3          

        CLASS   BANK4          

        CLASS   BANK5          

        CLASS   SFR            

        CLASS   FARRAM         

        CLASS   CONFIG         
                config                           300000   300000        E         0

        CLASS   IDLOC          
                idloc                            200000   200000        8         0

        CLASS   EEDATA         



SEGMENTS        Name                           Load    Length   Top    Selector   Space  Class

                reset_vec                      000000  000006  000006         0       0  CODE    
                cstackCOMRAM                   000001  000040  000041         1       1  COMRAM  
                intcode                        000008  000010  000018         4       0  CODE    
                intcodelo                      000018  00008E  0000A6         C       0  CODE    
                cstackBANK0                    000060  00009C  0000FC        60       1  BANK0   
                cstackBANK1                    000100  000058  000158       100       1  BANK1   
                smallconst                     000600  00007A  00067A       300       0  SMALLCON
                text6                          00067A  002702  002D7C       33D       0  CODE    
                idloc                          200000  000008  200008    200000       0  IDLOC   
                config                         300000  00000E  30000E    300000       0  CONFIG  


UNUSED ADDRESS RANGES

        Name                Unused          Largest block    Delta
        BANK0            0000FC-0000FF                4
        BANK1            000158-0001FF               A8
        BANK2            000200-0002FF              100
        BANK3            000300-0003FF              100
        BANK4            000400-0004FF              100
        BANK5            000500-0005EE               EF
        BIGRAM           000041-00005F               1F
                         0000FC-0000FF                4
                         000158-0005EE              497
        CODE             000006-000007                2
                         0000A6-0005FF              55A
                         002D7C-007CFF             4F84
        COMRAM           000041-00005F               1F
        CONST            000006-000007                2
                         0000A6-0005FF              55A
                         002D7C-007CFF             4F84
        EEDATA           F00000-F000FF              100
        MEDIUMCONST      002D7C-007CFF             4F84
        RAM              0000FC-0000FF                4
                         000158-0005EE              100
        SFR              000F60-000F9B               3C
                         000F9D-000FD3               37
                         000FD5-000FDA                6
                         000FE0-000FE2                3
                         000FE8-000FEA                3
                         000FF0-000FFB                C
        SMALLCONST       002D7C-007CFF              100
        STACK            000158-0005EE              497

                                  Symbol Table

?___altofl                             cstackBANK0  000060
?___awtofl                             cstackBANK0  000060
?___fladd                              cstackBANK0  000064
?___fldiv                              cstackBANK0  00007E
?___flmul                              cstackBANK0  00006F
?___flneg                              cstackCOMRAM 000020
?___flpack                             cstackCOMRAM 000020
?___flsub                              cstackBANK0  00006F
?___fltol                              cstackCOMRAM 000020
?___lltofl                             cstackBANK0  000060
?___wmul                               cstackCOMRAM 000020
?_acos                                 cstackBANK0  0000D3
?_asin                                 cstackBANK0  0000CF
?_atan                                 cstackBANK0  00008E
?_eval_poly                            cstackBANK0  00007E
?_exp                                  cstackBANK0  000096
?_fabs                                 cstackCOMRAM 000024
?_floor                                cstackBANK0  00006F
?_frexp                                cstackCOMRAM 000020
?_ldexp                                cstackBANK0  00008E
?_log                                  cstackBANK0  00008E
?_pow                                  cstackBANK0  0000A1
?_sqrt                                 cstackBANK0  0000B6
Accel_Active@c                         cstackCOMRAM 00002A
Accel_Get@f_out                        cstackBANK0  00009B
Accel_Get@gCount                       cstackBANK0  00009D
Accel_Get@i                            cstackBANK0  00009F
Accel_Get@out                          cstackBANK0  00008D
Accel_Get@raw                          cstackBANK0  000095
Accel_Init@fsr                         cstackCOMRAM 00002C
Accel_Init@name                        cstackCOMRAM 00002B
Accel_ReadRegister@out                 cstackCOMRAM 000029
Accel_ReadRegister@reg                 cstackCOMRAM 000028
Accel_ReadRegisters@length             cstackCOMRAM 00002A
Accel_ReadRegisters@out                cstackCOMRAM 000028
Accel_ReadRegisters@reg                cstackCOMRAM 00002C
Accel_StandBy@c                        cstackCOMRAM 00002A
Accel_WriteRegister@reg                cstackCOMRAM 000026
Accel_WriteRegister@value              cstackCOMRAM 000025
EEByteWrite@address                    cstackCOMRAM 000022
EEByteWrite@control                    cstackCOMRAM 000024
EEByteWrite@data                       cstackCOMRAM 000023
EESequentialRead@address               cstackCOMRAM 000023
EESequentialRead@control               cstackCOMRAM 000027
EESequentialRead@length                cstackCOMRAM 000026
EESequentialRead@rdptr                 cstackCOMRAM 000024
Gyros_Update@a                         cstackBANK1  000138
Gyros_Update@dt                        cstackBANK0  0000DB
OpenI2C@slew                           cstackCOMRAM 000020
OpenI2C@sync_mode                      cstackCOMRAM 000021
OpenUSART@config                       cstackCOMRAM 000022
OpenUSART@spbrg                        cstackCOMRAM 000020
WriteI2C@data_out                      cstackCOMRAM 000021
_Accel_Active                          text36       002D36
_Accel_Get                             text27       00192E
_Accel_Init                            text34       002B6E
_Accel_ReadRegister                    text39       002CA4
_Accel_ReadRegisters                   text32       002D06
_Accel_StandBy                         text35       002D20
_Accel_WriteRegister                   text37       002D4C
_BAUDCON                               (abs)        000FB8
_CloseI2C                              text5        002D78
_EEByteWrite                           text38       0025F4
_EESequentialRead                      text40       002428
_Gyros_Init                            text33       002732
_Gyros_Update                          text6        00067A
_Gyros_Update$1977                     cstackBANK1  000118
_Gyros_Update$1978                     cstackBANK1  00011C
_Gyros_Update$1979                     cstackBANK1  000120
_Gyros_Update$1980                     cstackBANK1  000124
_Gyros_Update$1981                     cstackBANK1  000128
_Gyros_Update$1982                     cstackBANK1  00012C
_Gyros_Update$1983                     cstackBANK1  000130
_Gyros_Update$1984                     cstackBANK1  000134
_IdleI2C                               text44       002D5E
_LATCbits                              (abs)        000F8B
_OSCCONbits                            (abs)        000FD3
_OpenI2C                               text4        002CE8
_OpenUSART                             text3        0027C4
_PIE1                                  (abs)        000F9D
_PIE1bits                              (abs)        000F9D
_PIR1bits                              (abs)        000F9E
_PIR2bits                              (abs)        000FA1
_RCSTA                                 (abs)        000FAB
_RCSTAbits                             (abs)        000FAB
_ReadI2C                               text42       002CC6
_SPBRG                                 (abs)        000FAF
_SPBRGH                                (abs)        000FB0
_SSPADD                                (abs)        000FC8
_SSPBUF                                (abs)        000FC9
_SSPCON1                               (abs)        000FC6
_SSPCON1bits                           (abs)        000FC6
_SSPCON2                               (abs)        000FC5
_SSPCON2bits                           (abs)        000FC5
_SSPSTAT                               (abs)        000FC7
_SSPSTATbits                           (abs)        000FC7
_System_HighPriorityInterrupt          intcode      000008
_System_Init                           text1        002B2C
_System_LowPriorityInterrupt           intcodelo    000018
_TRISCbits                             (abs)        000F94
_TXSTA                                 (abs)        000FAC
_TXSTAbits                             (abs)        000FAC
_WriteI2C                              text43       00297A
__CFG_BOREN$SBORDIS                    (abs)        000000
__CFG_BORV$18                          (abs)        000000
__CFG_CCP2MX$PORTC                     (abs)        000000
__CFG_CP0$OFF                          (abs)        000000
__CFG_CP1$OFF                          (abs)        000000
__CFG_CP2$OFF                          (abs)        000000
__CFG_CP3$OFF                          (abs)        000000
__CFG_CPB$OFF                          (abs)        000000
__CFG_CPD$OFF                          (abs)        000000
__CFG_EBTR0$OFF                        (abs)        000000
__CFG_EBTR1$OFF                        (abs)        000000
__CFG_EBTR2$OFF                        (abs)        000000
__CFG_EBTR3$OFF                        (abs)        000000
__CFG_EBTRB$OFF                        (abs)        000000
__CFG_FCMEN$OFF                        (abs)        000000
__CFG_FOSC$INTIO67                     (abs)        000000
__CFG_HFOFST$ON                        (abs)        000000
__CFG_IESO$OFF                         (abs)        000000
__CFG_LPT1OSC$OFF                      (abs)        000000
__CFG_LVP$OFF                          (abs)        000000
__CFG_MCLRE$ON                         (abs)        000000
__CFG_PBADEN$ON                        (abs)        000000
__CFG_PWRT$OFF                         (abs)        000000
__CFG_STVREN$ON                        (abs)        000000
__CFG_WDTEN$OFF                        (abs)        000000
__CFG_WDTPS$32768                      (abs)        000000
__CFG_WRT0$OFF                         (abs)        000000
__CFG_WRT1$OFF                         (abs)        000000
__CFG_WRT2$OFF                         (abs)        000000
__CFG_WRT3$OFF                         (abs)        000000
__CFG_WRTB$OFF                         (abs)        000000
__CFG_WRTC$OFF                         (abs)        000000
__CFG_WRTD$OFF                         (abs)        000000
__CFG_XINST$OFF                        (abs)        000000
__HRAM                                 (abs)        000000
__Habs1                                abs1         000000
__Hbank0                               bank0        000000
__Hbank1                               bank1        000000
__Hbank2                               bank2        000000
__Hbank3                               bank3        000000
__Hbank4                               bank4        000000
__Hbank5                               bank5        000000
__Hbigbss                              bigbss       000000
__Hbigdata                             bigdata      000000
__Hbigram                              bigram       000000
__Hbss                                 bss          000000
__HbssBANK0                            bssBANK0     000000
__HbssBANK1                            bssBANK1     000000
__HbssCOMRAM                           bssCOMRAM    000000
__Hcinit                               cinit        000000
__Hclrtext                             clrtext      000000
__Hcomram                              comram       000000
__Hconfig                              config       30000E
__Hconst                               const        000000
__HcstackBANK0                         cstackBANK0  000000
__HcstackBANK1                         cstackBANK1  000000
__HcstackCOMRAM                        cstackCOMRAM 000000
__Hdata                                data         000000
__Heeprom_data                         eeprom_data  000000
__Hend_init                            end_init     0000A6
__Hfarbss                              farbss       000000
__Hfardata                             fardata      000000
__Hibigdata                            ibigdata     000000
__Hidata                               idata        000000
__Hidloc                               idloc        200008
__Hifardata                            ifardata     000000
__Hinit                                init         0000A2
__Hintcode                             intcode      000018
__Hintcode_body                        intcode_body 000000
__Hintcodelo                           intcodelo    0000A2
__Hintentry                            intentry     000000
__Hintret                              intret       000000
__Hintsave_regs                        intsave_regs 000000
__Hirdata                              irdata       000000
__Hmediumconst                         mediumconst  000000
__HnvFARRAM                            nvFARRAM     000000
__Hnvbit                               nvbit        000000
__Hnvrram                              nvrram       000000
__Hparam                               rparam       000000
__Hpowerup                             powerup      0000A2
__Hram                                 ram          000000
__Hramtop                              ramtop       000600
__Hrbit                                rbit         000000
__Hrbss                                rbss         000000
__Hrdata                               rdata        000000
__Hreset_vec                           reset_vec    000006
__Hrparam                              rparam       000000
__Hsfr                                 sfr          000000
__Hsmallconst                          smallconst   00067A
__Hspace_0                             (abs)        30000E
__Hspace_1                             (abs)        000158
__Hspace_2                             (abs)        000000
__Hstack                               stack        000000
__Hstruct                              struct       000000
__Htemp                                temp         000000
__Htext                                text         000000
__Htext0                               text0        000000
__Htext1                               text1        000000
__Htext10                              text10       000000
__Htext11                              text11       000000
__Htext12                              text12       000000
__Htext13                              text13       000000
__Htext14                              text14       000000
__Htext15                              text15       000000
__Htext16                              text16       000000
__Htext17                              text17       000000
__Htext18                              text18       000000
__Htext19                              text19       000000
__Htext2                               text2        000000
__Htext20                              text20       000000
__Htext21                              text21       000000
__Htext22                              text22       000000
__Htext23                              text23       000000
__Htext24                              text24       000000
__Htext25                              text25       000000
__Htext26                              text26       000000
__Htext27                              text27       000000
__Htext28                              text28       000000
__Htext29                              text29       000000
__Htext3                               text3        000000
__Htext30                              text30       000000
__Htext31                              text31       000000
__Htext32                              text32       000000
__Htext33                              text33       000000
__Htext34                              text34       000000
__Htext35                              text35       000000
__Htext36                              text36       000000
__Htext37                              text37       000000
__Htext38                              text38       000000
__Htext39                              text39       000000
__Htext4                               text4        000000
__Htext40                              text40       000000
__Htext41                              text41       000000
__Htext42                              text42       000000
__Htext43                              text43       000000
__Htext44                              text44       000000
__Htext5                               text5        000000
__Htext6                               text6        000000
__Htext7                               text7        000000
__Htext8                               text8        000000
__Htext9                               text9        000000
__LRAM                                 (abs)        000001
__Labs1                                abs1         000000
__Lbank0                               bank0        000000
__Lbank1                               bank1        000000
__Lbank2                               bank2        000000
__Lbank3                               bank3        000000
__Lbank4                               bank4        000000
__Lbank5                               bank5        000000
__Lbigbss                              bigbss       000000
__Lbigdata                             bigdata      000000
__Lbigram                              bigram       000000
__Lbss                                 bss          000000
__LbssBANK0                            bssBANK0     000000
__LbssBANK1                            bssBANK1     000000
__LbssCOMRAM                           bssCOMRAM    000000
__Lcinit                               cinit        000000
__Lclrtext                             clrtext      000000
__Lcomram                              comram       000000
__Lconfig                              config       300000
__Lconst                               const        000000
__LcstackBANK0                         cstackBANK0  000000
__LcstackBANK1                         cstackBANK1  000000
__LcstackCOMRAM                        cstackCOMRAM 000000
__Ldata                                data         000000
__Leeprom_data                         eeprom_data  000000
__Lend_init                            end_init     0000A2
__Lfarbss                              farbss       000000
__Lfardata                             fardata      000000
__Libigdata                            ibigdata     000000
__Lidata                               idata        000000
__Lidloc                               idloc        200000
__Lifardata                            ifardata     000000
__Linit                                init         0000A2
__Lintcode                             intcode      000008
__Lintcode_body                        intcode_body 000000
__Lintcodelo                           intcodelo    000018
__Lintentry                            intentry     000000
__Lintret                              intret       000000
__Lintsave_regs                        intsave_regs 000000
__Lirdata                              irdata       000000
__Lmediumconst                         mediumconst  000000
__LnvFARRAM                            nvFARRAM     000000
__Lnvbit                               nvbit        000000
__Lnvrram                              nvrram       000000
__Lparam                               rparam       000000
__Lpowerup                             powerup      0000A2
__Lram                                 ram          000000
__Lramtop                              ramtop       000600
__Lrbit                                rbit         000000
__Lrbss                                rbss         000000
__Lrdata                               rdata        000000
__Lreset_vec                           reset_vec    000000
__Lrparam                              rparam       000000
__Lsfr                                 sfr          000000
__Lsmallconst                          smallconst   000600
__Lspace_0                             (abs)        000000
__Lspace_1                             (abs)        000000
__Lspace_2                             (abs)        000000
__Lstack                               stack        000000
__Lstruct                              struct       000000
__Ltemp                                temp         000000
__Ltext                                text         000000
__Ltext0                               text0        000000
__Ltext1                               text1        000000
__Ltext10                              text10       000000
__Ltext11                              text11       000000
__Ltext12                              text12       000000
__Ltext13                              text13       000000
__Ltext14                              text14       000000
__Ltext15                              text15       000000
__Ltext16                              text16       000000
__Ltext17                              text17       000000
__Ltext18                              text18       000000
__Ltext19                              text19       000000
__Ltext2                               text2        000000
__Ltext20                              text20       000000
__Ltext21                              text21       000000
__Ltext22                              text22       000000
__Ltext23                              text23       000000
__Ltext24                              text24       000000
__Ltext25                              text25       000000
__Ltext26                              text26       000000
__Ltext27                              text27       000000
__Ltext28                              text28       000000
__Ltext29                              text29       000000
__Ltext3                               text3        000000
__Ltext30                              text30       000000
__Ltext31                              text31       000000
__Ltext32                              text32       000000
__Ltext33                              text33       000000
__Ltext34                              text34       000000
__Ltext35                              text35       000000
__Ltext36                              text36       000000
__Ltext37                              text37       000000
__Ltext38                              text38       000000
__Ltext39                              text39       000000
__Ltext4                               text4        000000
__Ltext40                              text40       000000
__Ltext41                              text41       000000
__Ltext42                              text42       000000
__Ltext43                              text43       000000
__Ltext44                              text44       000000
__Ltext5                               text5        000000
__Ltext6                               text6        000000
__Ltext7                               text7        000000
__Ltext8                               text8        000000
__Ltext9                               text9        000000
__S0                                   (abs)        30000E
__S1                                   (abs)        000158
__S2                                   (abs)        000000
___altofl                              text14       002A96
___altofl@c                            cstackBANK0  000060
___altofl@sign                         cstackCOMRAM 00002A
___awtofl                              text30       002AE8
___awtofl@c                            cstackBANK0  000060
___awtofl@sign                         cstackCOMRAM 00002A
___fladd                               text25       001050
___fladd@exp1                          cstackBANK0  00006E
___fladd@exp2                          cstackBANK0  00006D
___fladd@f1                            cstackBANK0  000064
___fladd@f2                            cstackBANK0  000068
___fladd@sign                          cstackBANK0  00006C
___fldiv                               text29       001D96
___fldiv@cntr                          cstackBANK0  00008A
___fldiv@exp                           cstackBANK0  00008B
___fldiv@f1                            cstackBANK0  00007E
___fldiv@f2                            cstackBANK0  000082
___fldiv@f3                            cstackBANK0  000086
___fldiv@sign                          cstackBANK0  00008C
___flge                                text26       002510
___flge@ff1                            cstackBANK0  000060
___flge@ff2                            cstackBANK0  000064
___flmul                               text24       001C32
___flmul@cntr                          cstackBANK0  00007C
___flmul@exp                           cstackBANK0  000077
___flmul@f1                            cstackBANK0  00006F
___flmul@f2                            cstackBANK0  000073
___flmul@f3_as_product                 cstackBANK0  000078
___flmul@sign                          cstackBANK0  00007D
___flneg                               text22       002C1A
___flneg@f1                            cstackCOMRAM 000020
___flpack                              text31       00222E
___flpack@arg                          cstackCOMRAM 000020
___flpack@exp                          cstackCOMRAM 000024
___flpack@sign                         cstackCOMRAM 000025
___flsub                               text19       0029DE
___flsub@f1                            cstackBANK0  00006F
___flsub@f2                            cstackBANK0  000073
___fltol                               text13       00233E
___fltol@exp1                          cstackCOMRAM 000029
___fltol@f1                            cstackCOMRAM 000020
___fltol@sign1                         cstackCOMRAM 000028
___inthi_sp                            stack        000000
___intlo_sp                            stack        000000
___lltofl                              text15       002C4C
___lltofl@c                            cstackBANK0  000060
___param_bank                          (abs)        000010
___rparam_used                         (abs)        000001
___sp                                  stack        000000
___wmul                                text28       002C7C
___wmul@multiplicand                   cstackCOMRAM 000022
___wmul@multiplier                     cstackCOMRAM 000020
___wmul@product                        cstackCOMRAM 000024
__accesstop                            (abs)        000060
__activetblptr                         (abs)        000001
__end_of_Accel_Active                  text36       002D4C
__end_of_Accel_Get                     text27       001AB8
__end_of_Accel_Init                    text34       002BAC
__end_of_Accel_ReadRegister            text39       002CC6
__end_of_Accel_ReadRegisters           text32       002D20
__end_of_Accel_StandBy                 text35       002D36
__end_of_Accel_WriteRegister           text37       002D5E
__end_of_CloseI2C                      text5        002D7C
__end_of_EEByteWrite                   text38       002696
__end_of_EESequentialRead              text40       002510
__end_of_Gyros_Init                    text33       0027C4
__end_of_Gyros_Update                  text6        000AA0
__end_of_IdleI2C                       text44       002D70
__end_of_OpenI2C                       text4        002D06
__end_of_OpenUSART                     text3        002836
__end_of_ReadI2C                       text42       002CE8
__end_of_System_HighPriorityInterrupt  intcode_body 00297A
__end_of_System_Init                   text1        002B6E
__end_of_System_LowPriorityInterrupt   intcodelo    0000A2
__end_of_WriteI2C                      text43       0029DE
__end_of___altofl                      text14       002AE8
__end_of___awtofl                      text30       002B2C
__end_of___fladd                       text25       0012B0
__end_of___fldiv                       text29       001ECC
__end_of___flge                        text26       0025F4
__end_of___flmul                       text24       001D96
__end_of___flneg                       text22       002C4C
__end_of___flpack                      text31       00233E
__end_of___flsub                       text19       002A3E
__end_of___fltol                       text13       002428
__end_of___lltofl                      text15       002C7C
__end_of___wmul                        text28       002CA4
__end_of__initialization               cinit        002C0C
__end_of_acos                          text16       0028A8
__end_of_asin                          text17       000DC4
__end_of_atan                          text20       001506
__end_of_baudUSART                     text2        002D78
__end_of_eval_poly                     text23       00222E
__end_of_exp                           text9        001050
__end_of_fabs                          text21       002BE8
__end_of_floor                         text11       00211C
__end_of_frexp                         text12       002732
__end_of_getsI2C                       text41       002A96
__end_of_ldexp                         text10       001FFE
__end_of_log                           text8        001C32
__end_of_main                          text0        002914
__end_of_pow                           text7        00192E
__end_of_sqrt                          text18       00172E
__end_ofatan@coeff_a                   smallconst   000665
__end_ofatan@coeff_b                   smallconst   000679
__end_ofexp@coeff                      smallconst   000629
__end_oflog@coeff                      smallconst   00064D
__initialization                       cinit        002BE8
__mediumconst                          mediumconst  000000
__pbssBANK0                            bssBANK0     0000E2
__pbssBANK1                            bssBANK1     000144
__pbssCOMRAM                           bssCOMRAM    00002D
__pcinit                               cinit        002BE8
__pcstackBANK0                         cstackBANK0  000060
__pcstackBANK1                         cstackBANK1  000100
__pcstackCOMRAM                        cstackCOMRAM 000001
__pintcode                             intcode      000008
__pintcode_body                        intcode_body 002914
__pintcodelo                           intcodelo    000018
__psmallconst                          smallconst   000600
__ptext0                               text0        0028A8
__ptext1                               text1        002B2C
__ptext10                              text10       001ECC
__ptext11                              text11       001FFE
__ptext12                              text12       002696
__ptext13                              text13       00233E
__ptext14                              text14       002A96
__ptext15                              text15       002C4C
__ptext16                              text16       002836
__ptext17                              text17       000AA0
__ptext18                              text18       001506
__ptext19                              text19       0029DE
__ptext2                               text2        002D70
__ptext20                              text20       0012B0
__ptext21                              text21       002BAC
__ptext22                              text22       002C1A
__ptext23                              text23       00211C
__ptext24                              text24       001C32
__ptext25                              text25       001050
__ptext26                              text26       002510
__ptext27                              text27       00192E
__ptext28                              text28       002C7C
__ptext29                              text29       001D96
__ptext3                               text3        0027C4
__ptext30                              text30       002AE8
__ptext31                              text31       00222E
__ptext32                              text32       002D06
__ptext33                              text33       002732
__ptext34                              text34       002B6E
__ptext35                              text35       002D20
__ptext36                              text36       002D36
__ptext37                              text37       002D4C
__ptext38                              text38       0025F4
__ptext39                              text39       002CA4
__ptext4                               text4        002CE8
__ptext40                              text40       002428
__ptext41                              text41       002A3E
__ptext42                              text42       002CC6
__ptext43                              text43       00297A
__ptext44                              text44       002D5E
__ptext5                               text5        002D78
__ptext6                               text6        00067A
__ptext7                               text7        00172E
__ptext8                               text8        001AB8
__ptext9                               text9        000DC4
__ramtop                               ramtop       000600
__size_of_Accel_Active                 (abs)        000000
__size_of_Accel_Get                    (abs)        000000
__size_of_Accel_Init                   (abs)        000000
__size_of_Accel_ReadRegister           (abs)        000000
__size_of_Accel_ReadRegisters          (abs)        000000
__size_of_Accel_StandBy                (abs)        000000
__size_of_Accel_WriteRegister          (abs)        000000
__size_of_CloseI2C                     (abs)        000000
__size_of_EEByteWrite                  (abs)        000000
__size_of_EESequentialRead             (abs)        000000
__size_of_Gyros_Init                   (abs)        000000
__size_of_Gyros_Update                 (abs)        000000
__size_of_IdleI2C                      (abs)        000000
__size_of_OpenI2C                      (abs)        000000
__size_of_OpenUSART                    (abs)        000000
__size_of_ReadI2C                      (abs)        000000
__size_of_System_HighPriorityInterrupt (abs)        000000
__size_of_System_Init                  (abs)        000000
__size_of_System_LowPriorityInterrupt  (abs)        000000
__size_of_WriteI2C                     (abs)        000000
__size_of___altofl                     (abs)        000000
__size_of___awtofl                     (abs)        000000
__size_of___fladd                      (abs)        000000
__size_of___fldiv                      (abs)        000000
__size_of___flge                       (abs)        000000
__size_of___flmul                      (abs)        000000
__size_of___flneg                      (abs)        000000
__size_of___flpack                     (abs)        000000
__size_of___flsub                      (abs)        000000
__size_of___fltol                      (abs)        000000
__size_of___lltofl                     (abs)        000000
__size_of___wmul                       (abs)        000000
__size_of_acos                         (abs)        000000
__size_of_asin                         (abs)        000000
__size_of_atan                         (abs)        000000
__size_of_baudUSART                    (abs)        000000
__size_of_eval_poly                    (abs)        000000
__size_of_exp                          (abs)        000000
__size_of_fabs                         (abs)        000000
__size_of_floor                        (abs)        000000
__size_of_frexp                        (abs)        000000
__size_of_getsI2C                      (abs)        000000
__size_of_ldexp                        (abs)        000000
__size_of_log                          (abs)        000000
__size_of_main                         (abs)        000000
__size_of_pow                          (abs)        000000
__size_of_sqrt                         (abs)        000000
__smallconst                           smallconst   000600
_acos                                  text16       002836
_acos$1985                             cstackBANK0  0000D7
_asin                                  text17       000AA0
_asin$1986                             cstackBANK1  000104
_asin$1987                             cstackBANK1  000114
_asin$1988                             cstackBANK1  00010C
_asin$1989                             cstackBANK1  000108
_atan                                  text20       0012B0
_baudUSART                             text2        002D70
_errno                                 bssBANK0     0000FA
_eval_poly                             text23       00211C
_exp                                   text9        000DC4
_exp$1992                              cstackBANK0  00009A
_fabs                                  text21       002BAC
_floor                                 text11       001FFE
_frexp                                 text12       002696
_getsI2C                               text41       002A3E
_ldexp                                 text10       001ECC
_log                                   text8        001AB8
_main                                  text0        0028A8
_pow                                   text7        00172E
_pow$1990                              cstackBANK0  0000A9
_pow$1991                              cstackBANK0  0000AD
_sqrt                                  text18       001506
acos@x                                 cstackBANK0  0000D3
asin@sgn                               cstackBANK1  000100
asin@x                                 cstackBANK0  0000CF
asin@y                                 cstackBANK1  000110
atan@coeff_a                           smallconst   00064D
atan@coeff_b                           smallconst   000665
atan@f                                 cstackBANK0  00008E
atan@recip                             cstackBANK0  00009A
atan@val                               cstackBANK0  00009F
atan@val_squared                       cstackBANK0  00009B
atan@x                                 cstackBANK0  000096
atan@y                                 cstackBANK0  000092
baudUSART@baudconfig                   cstackCOMRAM 000020
end_of_initialization                  cinit        002C0C
eval_poly@d                            cstackBANK0  000082
eval_poly@n                            cstackBANK0  000084
eval_poly@res                          cstackBANK0  00008A
eval_poly@x                            cstackBANK0  00007E
exp@coeff                              smallconst   000601
exp@exponent                           cstackBANK0  00009E
exp@sign                               cstackBANK0  0000A0
exp@x                                  cstackBANK0  000096
fabs@d                                 cstackCOMRAM 000024
floor@expon                            cstackBANK0  000077
floor@i                                cstackBANK0  000073
floor@x                                cstackBANK0  00006F
frexp@eptr                             cstackCOMRAM 000024
frexp@value                            cstackCOMRAM 000020
getsI2C@length                         cstackCOMRAM 000022
getsI2C@rdptr                          cstackCOMRAM 000020
gyros@Gyros_Angle                      bssBANK1     000150
gyros@Gyros_LastAccel                  bssBANK0     0000E2
gyros@Gyros_Vel                        bssBANK0     0000EE
int_func                               intcode_body 002914
intlevel0                              text         000000
intlevel1                              text         000000
intlevel2                              text         000000
intlevel3                              text         000000
ldexp@newexp                           cstackBANK0  000092
ldexp@value                            cstackBANK0  00008E
log@coeff                              smallconst   000629
log@exponent                           cstackBANK0  000092
log@x                                  cstackBANK0  00008E
main@i                                 cstackBANK0  0000E0
pow@sign                               cstackBANK0  0000B1
pow@x                                  cstackBANK0  0000A1
pow@y                                  cstackBANK0  0000A5
pow@yi                                 cstackBANK0  0000B2
sqrt@i                                 cstackBANK0  0000C6
sqrt@og                                cstackBANK0  0000BE
sqrt@q                                 cstackBANK0  0000C7
sqrt@x                                 cstackBANK0  0000CB
sqrt@y                                 cstackBANK0  0000B6
sqrt@z                                 cstackBANK0  0000C2
stackhi                                (abs)        0005EE
stacklo                                (abs)        000158
start                                  init         0000A2
start_initialization                   cinit        002BE8


FUNCTION INFORMATION:

 *************** function _main *****************
 Defined at:
		line 67 in file "main.c"
 Parameters:    Size  Location     Type
		None
 Auto vars:     Size  Location     Type
  i               2  128[BANK0 ] int 
 Return value:  Size  Location     Type
		None               void
 Registers used:
		wreg, fsr2l, fsr2h, status,2, status,0, tblptrl, tblptrh, tblptru, prodl, prodh, cstack
 Tracked objects:
		On entry : 
		On exit  : 
		Unchanged: 
 Data sizes:     COMRAM   BANK0   BANK1   BANK2   BANK3   BANK4   BANK5
      Params:         0       0       0       0       0       0       0
      Locals:         0       2       0       0       0       0       0
      Temps:          0       1       0       0       0       0       0
      Totals:         0       3       0       0       0       0       0
Total ram usage:        3 bytes
 Hardware stack levels required when called:    9
 This function calls:
		_Accel_Init
		_Gyros_Init
		_Gyros_Update
		_System_Init
 This function is called by:
		Startup code after reset
 This function uses a non-reentrant model


 *************** function _System_Init *****************
 Defined at:
		line 13 in file "system.c"
 Parameters:    Size  Location     Type
		None
 Auto vars:     Size  Location     Type
		None
 Return value:  Size  Location     Type
		None               void
 Registers used:
		wreg, status,2, status,0, cstack
 Tracked objects:
		On entry : 
		On exit  : 
		Unchanged: 
 Data sizes:     COMRAM   BANK0   BANK1   BANK2   BANK3   BANK4   BANK5
      Params:         0       0       0       0       0       0       0
      Locals:         0       0       0       0       0       0       0
      Temps:          0       0       0       0       0       0       0
      Totals:         0       0       0       0       0       0       0
Total ram usage:        0 bytes
 Hardware stack levels used:    1
 Hardware stack levels required when called:    3
 This function calls:
		_CloseI2C
		_OpenI2C
		_OpenUSART
		_baudUSART
 This function is called by:
		_main
 This function uses a non-reentrant model


 *************** function _baudUSART *****************
 Defined at:
		line 15 in file "C:\Program Files (x86)\Microchip\xc8\v1.34\sources\pic18\plib\USART\ubaud.c"
 Parameters:    Size  Location     Type
  baudconfig      1    wreg     unsigned char 
 Auto vars:     Size  Location     Type
  baudconfig      1   31[COMRAM] unsigned char 
 Return value:  Size  Location     Type
		None               void
 Registers used:
		wreg
 Tracked objects:
		On entry : 
		On exit  : 
		Unchanged: 
 Data sizes:     COMRAM   BANK0   BANK1   BANK2   BANK3   BANK4   BANK5
      Params:         0       0       0       0       0       0       0
      Locals:         1       0       0       0       0       0       0
      Temps:          0       0       0       0       0       0       0
      Totals:         1       0       0       0       0       0       0
Total ram usage:        1 bytes
 Hardware stack levels used:    1
 Hardware stack levels required when called:    2
 This function calls:
		Nothing
 This function is called by:
		_System_Init
 This function uses a non-reentrant model


 *************** function _OpenUSART *****************
 Defined at:
		line 73 in file "C:\Program Files (x86)\Microchip\xc8\v1.34\sources\pic18\plib\USART\uopen.c"
 Parameters:    Size  Location     Type
  config          1    wreg     unsigned char 
  spbrg           2   31[COMRAM] unsigned int 
 Auto vars:     Size  Location     Type
  config          1   33[COMRAM] unsigned char 
 Return value:  Size  Location     Type
		None               void
 Registers used:
		wreg, status,2
 Tracked objects:
		On entry : 
		On exit  : 
		Unchanged: 
 Data sizes:     COMRAM   BANK0   BANK1   BANK2   BANK3   BANK4   BANK5
      Params:         2       0       0       0       0       0       0
      Locals:         1       0       0       0       0       0       0
      Temps:          0       0       0       0       0       0       0
      Totals:         3       0       0       0       0       0       0
Total ram usage:        3 bytes
 Hardware stack levels used:    1
 Hardware stack levels required when called:    2
 This function calls:
		Nothing
 This function is called by:
		_System_Init
 This function uses a non-reentrant model


 *************** function _OpenI2C *****************
 Defined at:
		line 14 in file "C:\Program Files (x86)\Microchip\xc8\v1.34\sources\pic18\plib\i2c\i2c_open.c"
 Parameters:    Size  Location     Type
  sync_mode       1    wreg     unsigned char 
  slew            1   31[COMRAM] unsigned char 
 Auto vars:     Size  Location     Type
  sync_mode       1   32[COMRAM] unsigned char 
 Return value:  Size  Location     Type
		None               void
 Registers used:
		wreg, status,2, status,0
 Tracked objects:
		On entry : 
		On exit  : 
		Unchanged: 
 Data sizes:     COMRAM   BANK0   BANK1   BANK2   BANK3   BANK4   BANK5
      Params:         1       0       0       0       0       0       0
      Locals:         1       0       0       0       0       0       0
      Temps:          0       0       0       0       0       0       0
      Totals:         2       0       0       0       0       0       0
Total ram usage:        2 bytes
 Hardware stack levels used:    1
 Hardware stack levels required when called:    2
 This function calls:
		Nothing
 This function is called by:
		_System_Init
 This function uses a non-reentrant model


 *************** function _CloseI2C *****************
 Defined at:
		line 19 in file "C:\Program Files (x86)\Microchip\xc8\v1.34\sources\pic18\plib\i2c\i2c_clos.c"
 Parameters:    Size  Location     Type
		None
 Auto vars:     Size  Location     Type
		None
 Return value:  Size  Location     Type
		None               void
 Registers used:
		status,2, status,0
 Tracked objects:
		On entry : 
		On exit  : 
		Unchanged: 
 Data sizes:     COMRAM   BANK0   BANK1   BANK2   BANK3   BANK4   BANK5
      Params:         0       0       0       0       0       0       0
      Locals:         0       0       0       0       0       0       0
      Temps:          0       0       0       0       0       0       0
      Totals:         0       0       0       0       0       0       0
Total ram usage:        0 bytes
 Hardware stack levels used:    1
 Hardware stack levels required when called:    2
 This function calls:
		Nothing
 This function is called by:
		_System_Init
 This function uses a non-reentrant model


 *************** function _Gyros_Update *****************
 Defined at:
		line 17 in file "gyros.c"
 Parameters:    Size  Location     Type
  dt              4  123[BANK0 ] float 
 Auto vars:     Size  Location     Type
  a              12   56[BANK1 ] struct .
 Return value:  Size  Location     Type
		None               void
 Registers used:
		wreg, fsr2l, fsr2h, status,2, status,0, tblptrl, tblptrh, tblptru, prodl, prodh, cstack
 Tracked objects:
		On entry : 
		On exit  : 
		Unchanged: 
 Data sizes:     COMRAM   BANK0   BANK1   BANK2   BANK3   BANK4   BANK5
      Params:         0       4       0       0       0       0       0
      Locals:         0       0      44       0       0       0       0
      Temps:          0       0       0       0       0       0       0
      Totals:         0       4      44       0       0       0       0
Total ram usage:       48 bytes
 Hardware stack levels used:    1
 Hardware stack levels required when called:    8
 This function calls:
		_Accel_Get
		___fladd
		___fldiv
		___flmul
		_acos
		_atan
		_pow
		_sqrt
 This function is called by:
		_main
 This function uses a non-reentrant model


 *************** function _pow *****************
 Defined at:
		line 5 in file "C:\Program Files (x86)\Microchip\xc8\v1.34\sources\common\pow.c"
 Parameters:    Size  Location     Type
  x               4   65[BANK0 ] struct .
  y               4   69[BANK0 ] struct .
 Auto vars:     Size  Location     Type
  yi              4   82[BANK0 ] unsigned long 
  sign            1   81[BANK0 ] unsigned char 
 Return value:  Size  Location     Type
                  4   65[BANK0 ] unsigned char 
 Registers used:
		wreg, fsr2l, fsr2h, status,2, status,0, tblptrl, tblptrh, tblptru, cstack
 Tracked objects:
		On entry : 
		On exit  : 
		Unchanged: 
 Data sizes:     COMRAM   BANK0   BANK1   BANK2   BANK3   BANK4   BANK5
      Params:         0       8       0       0       0       0       0
      Locals:         0      13       0       0       0       0       0
      Temps:          0       0       0       0       0       0       0
      Totals:         0      21       0       0       0       0       0
Total ram usage:       21 bytes
 Hardware stack levels used:    1
 Hardware stack levels required when called:    6
 This function calls:
		___flge
		___flmul
		___flneg
		___fltol
		___lltofl
		_exp
		_log
 This function is called by:
		_Gyros_Update
 This function uses a non-reentrant model


 *************** function _log *****************
 Defined at:
		line 5 in file "C:\Program Files (x86)\Microchip\xc8\v1.34\sources\common\log.c"
 Parameters:    Size  Location     Type
  x               4   46[BANK0 ] unsigned char 
 Auto vars:     Size  Location     Type
  exponent        2   50[BANK0 ] int 
 Return value:  Size  Location     Type
                  4   46[BANK0 ] int 
 Registers used:
		wreg, fsr2l, fsr2h, status,2, status,0, tblptrl, tblptrh, tblptru, cstack
 Tracked objects:
		On entry : 
		On exit  : 
		Unchanged: 
 Data sizes:     COMRAM   BANK0   BANK1   BANK2   BANK3   BANK4   BANK5
      Params:         0       4       0       0       0       0       0
      Locals:         0       2       0       0       0       0       0
      Temps:          0       0       0       0       0       0       0
      Totals:         0       6       0       0       0       0       0
Total ram usage:        6 bytes
 Hardware stack levels used:    1
 Hardware stack levels required when called:    5
 This function calls:
		___awtofl
		___fladd
		___flmul
		_eval_poly
		_frexp
 This function is called by:
		_pow
 This function uses a non-reentrant model


 *************** function _exp *****************
 Defined at:
		line 12 in file "C:\Program Files (x86)\Microchip\xc8\v1.34\sources\common\exp.c"
 Parameters:    Size  Location     Type
  x               4   54[BANK0 ] int 
 Auto vars:     Size  Location     Type
  exponent        2   62[BANK0 ] int 
  sign            1   64[BANK0 ] unsigned char 
 Return value:  Size  Location     Type
                  4   54[BANK0 ] unsigned char 
 Registers used:
		wreg, fsr2l, fsr2h, status,2, status,0, tblptrl, tblptrh, tblptru, cstack
 Tracked objects:
		On entry : 
		On exit  : 
		Unchanged: 
 Data sizes:     COMRAM   BANK0   BANK1   BANK2   BANK3   BANK4   BANK5
      Params:         0       4       0       0       0       0       0
      Locals:         0       7       0       0       0       0       0
      Temps:          0       0       0       0       0       0       0
      Totals:         0      11       0       0       0       0       0
Total ram usage:       11 bytes
 Hardware stack levels used:    1
 Hardware stack levels required when called:    5
 This function calls:
		___awtofl
		___fldiv
		___flge
		___flmul
		___flneg
		___flsub
		___fltol
		_eval_poly
		_floor
		_ldexp
 This function is called by:
		_pow
 This function uses a non-reentrant model


 *************** function _ldexp *****************
 Defined at:
		line 277 in file "C:\Program Files (x86)\Microchip\xc8\v1.34\sources\common\frexp.c"
 Parameters:    Size  Location     Type
  value           4   46[BANK0 ] unsigned char 
  newexp          2   50[BANK0 ] int 
 Auto vars:     Size  Location     Type
		None
 Return value:  Size  Location     Type
                  4   46[BANK0 ] int 
 Registers used:
		wreg, status,2, status,0
 Tracked objects:
		On entry : 
		On exit  : 
		Unchanged: 
 Data sizes:     COMRAM   BANK0   BANK1   BANK2   BANK3   BANK4   BANK5
      Params:         0       6       0       0       0       0       0
      Locals:         0       0       0       0       0       0       0
      Temps:          0       2       0       0       0       0       0
      Totals:         0       8       0       0       0       0       0
Total ram usage:        8 bytes
 Hardware stack levels used:    1
 Hardware stack levels required when called:    2
 This function calls:
		Nothing
 This function is called by:
		_exp
 This function uses a non-reentrant model


 *************** function _floor *****************
 Defined at:
		line 13 in file "C:\Program Files (x86)\Microchip\xc8\v1.34\sources\common\floor.c"
 Parameters:    Size  Location     Type
  x               4   15[BANK0 ] int 
 Auto vars:     Size  Location     Type
  i               4   19[BANK0 ] int 
  expon           2   23[BANK0 ] int 
 Return value:  Size  Location     Type
                  4   15[BANK0 ] int 
 Registers used:
		wreg, fsr2l, fsr2h, status,2, status,0, cstack
 Tracked objects:
		On entry : 
		On exit  : 
		Unchanged: 
 Data sizes:     COMRAM   BANK0   BANK1   BANK2   BANK3   BANK4   BANK5
      Params:         0       4       0       0       0       0       0
      Locals:         0       6       0       0       0       0       0
      Temps:          0       0       0       0       0       0       0
      Totals:         0      10       0       0       0       0       0
Total ram usage:       10 bytes
 Hardware stack levels used:    1
 Hardware stack levels required when called:    4
 This function calls:
		___altofl
		___fladd
		___flge
		___fltol
		_frexp
 This function is called by:
		_exp
 This function uses a non-reentrant model


 *************** function _frexp *****************
 Defined at:
		line 254 in file "C:\Program Files (x86)\Microchip\xc8\v1.34\sources\common\frexp.c"
 Parameters:    Size  Location     Type
  value           4   31[COMRAM] int 
  eptr            2   35[COMRAM] PTR int 
		 -> log@exponent(2), floor@expon(2), 
 Auto vars:     Size  Location     Type
		None
 Return value:  Size  Location     Type
                  4   31[COMRAM] PTR int 
 Registers used:
		wreg, fsr2l, fsr2h, status,2, status,0
 Tracked objects:
		On entry : 
		On exit  : 
		Unchanged: 
 Data sizes:     COMRAM   BANK0   BANK1   BANK2   BANK3   BANK4   BANK5
      Params:         6       0       0       0       0       0       0
      Locals:         0       0       0       0       0       0       0
      Temps:          2       0       0       0       0       0       0
      Totals:         8       0       0       0       0       0       0
Total ram usage:        8 bytes
 Hardware stack levels used:    1
 Hardware stack levels required when called:    2
 This function calls:
		Nothing
 This function is called by:
		_floor
		_log
 This function uses a non-reentrant model


 *************** function ___fltol *****************
 Defined at:
		line 43 in file "C:\Program Files (x86)\Microchip\xc8\v1.34\sources\common\fltol.c"
 Parameters:    Size  Location     Type
  f1              4   31[COMRAM] PTR int 
 Auto vars:     Size  Location     Type
  exp1            1   40[COMRAM] unsigned char 
  sign1           1   39[COMRAM] unsigned char 
 Return value:  Size  Location     Type
                  4   31[COMRAM] long 
 Registers used:
		wreg, status,2, status,0
 Tracked objects:
		On entry : 
		On exit  : 
		Unchanged: 
 Data sizes:     COMRAM   BANK0   BANK1   BANK2   BANK3   BANK4   BANK5
      Params:         4       0       0       0       0       0       0
      Locals:         2       0       0       0       0       0       0
      Temps:          4       0       0       0       0       0       0
      Totals:        10       0       0       0       0       0       0
Total ram usage:       10 bytes
 Hardware stack levels used:    1
 Hardware stack levels required when called:    2
 This function calls:
		Nothing
 This function is called by:
		_pow
		_exp
		_floor
 This function uses a non-reentrant model


 *************** function ___altofl *****************
 Defined at:
		line 36 in file "C:\Program Files (x86)\Microchip\xc8\v1.34\sources\common\altofl.c"
 Parameters:    Size  Location     Type
  c               4    0[BANK0 ] long 
 Auto vars:     Size  Location     Type
  sign            1   41[COMRAM] unsigned char 
 Return value:  Size  Location     Type
                  4    0[BANK0 ] unsigned char 
 Registers used:
		wreg, status,2, status,0, cstack
 Tracked objects:
		On entry : 
		On exit  : 
		Unchanged: 
 Data sizes:     COMRAM   BANK0   BANK1   BANK2   BANK3   BANK4   BANK5
      Params:         0       4       0       0       0       0       0
      Locals:         1       0       0       0       0       0       0
      Temps:          0       0       0       0       0       0       0
      Totals:         1       4       0       0       0       0       0
Total ram usage:        5 bytes
 Hardware stack levels used:    1
 Hardware stack levels required when called:    3
 This function calls:
		___flpack
 This function is called by:
		_floor
 This function uses a non-reentrant model


 *************** function ___lltofl *****************
 Defined at:
		line 30 in file "C:\Program Files (x86)\Microchip\xc8\v1.34\sources\common\lltofl.c"
 Parameters:    Size  Location     Type
  c               4    0[BANK0 ] unsigned long 
 Auto vars:     Size  Location     Type
		None
 Return value:  Size  Location     Type
                  4    0[BANK0 ] unsigned long 
 Registers used:
		wreg, status,2, status,0, cstack
 Tracked objects:
		On entry : 
		On exit  : 
		Unchanged: 
 Data sizes:     COMRAM   BANK0   BANK1   BANK2   BANK3   BANK4   BANK5
      Params:         0       4       0       0       0       0       0
      Locals:         0       0       0       0       0       0       0
      Temps:          0       0       0       0       0       0       0
      Totals:         0       4       0       0       0       0       0
Total ram usage:        4 bytes
 Hardware stack levels used:    1
 Hardware stack levels required when called:    3
 This function calls:
		___flpack
 This function is called by:
		_pow
 This function uses a non-reentrant model


 *************** function _acos *****************
 Defined at:
		line 8 in file "C:\Program Files (x86)\Microchip\xc8\v1.34\sources\common\acos.c"
 Parameters:    Size  Location     Type
  x               4  115[BANK0 ] unsigned long 
 Auto vars:     Size  Location     Type
		None
 Return value:  Size  Location     Type
                  4  115[BANK0 ] unsigned long 
 Registers used:
		wreg, status,2, status,0, tblptrl, tblptrh, tblptru, cstack
 Tracked objects:
		On entry : 
		On exit  : 
		Unchanged: 
 Data sizes:     COMRAM   BANK0   BANK1   BANK2   BANK3   BANK4   BANK5
      Params:         0       4       0       0       0       0       0
      Locals:         0       4       0       0       0       0       0
      Temps:          0       0       0       0       0       0       0
      Totals:         0       8       0       0       0       0       0
Total ram usage:        8 bytes
 Hardware stack levels used:    1
 Hardware stack levels required when called:    7
 This function calls:
		___fladd
		___flneg
		_asin
 This function is called by:
		_Gyros_Update
 This function uses a non-reentrant model


 *************** function _asin *****************
 Defined at:
		line 9 in file "C:\Program Files (x86)\Microchip\xc8\v1.34\sources\common\asin.c"
 Parameters:    Size  Location     Type
  x               4  111[BANK0 ] unsigned long 
 Auto vars:     Size  Location     Type
  y               4   16[BANK1 ] unsigned long 
  sgn             4    0[BANK1 ] unsigned long 
 Return value:  Size  Location     Type
                  4  111[BANK0 ] unsigned long 
 Registers used:
		wreg, status,2, status,0, tblptrl, tblptrh, tblptru, cstack
 Tracked objects:
		On entry : 
		On exit  : 
		Unchanged: 
 Data sizes:     COMRAM   BANK0   BANK1   BANK2   BANK3   BANK4   BANK5
      Params:         0       4       0       0       0       0       0
      Locals:         0       0      24       0       0       0       0
      Temps:          0       0       0       0       0       0       0
      Totals:         0       4      24       0       0       0       0
Total ram usage:       28 bytes
 Hardware stack levels used:    1
 Hardware stack levels required when called:    6
 This function calls:
		___fladd
		___fldiv
		___flge
		___flmul
		___flneg
		_atan
		_fabs
		_sqrt
 This function is called by:
		_acos
 This function uses a non-reentrant model


 *************** function _sqrt *****************
 Defined at:
		line 13 in file "C:\Program Files (x86)\Microchip\xc8\v1.34\sources\common\sqrt.c"
 Parameters:    Size  Location     Type
  y               4   86[BANK0 ] unsigned long 
 Auto vars:     Size  Location     Type
  x               4  107[BANK0 ] unsigned long 
  q               4  103[BANK0 ] unsigned long 
  z               4   98[BANK0 ] unsigned long 
  og              4   94[BANK0 ] unsigned long 
  i               1  102[BANK0 ] unsigned char 
 Return value:  Size  Location     Type
                  4   86[BANK0 ] unsigned char 
 Registers used:
		wreg, status,2, status,0, cstack
 Tracked objects:
		On entry : 
		On exit  : 
		Unchanged: 
 Data sizes:     COMRAM   BANK0   BANK1   BANK2   BANK3   BANK4   BANK5
      Params:         0       4       0       0       0       0       0
      Locals:         0      17       0       0       0       0       0
      Temps:          0       4       0       0       0       0       0
      Totals:         0      25       0       0       0       0       0
Total ram usage:       25 bytes
 Hardware stack levels used:    1
 Hardware stack levels required when called:    5
 This function calls:
		___flge
		___flmul
		___flsub
 This function is called by:
		_Gyros_Update
		_asin
 This function uses a non-reentrant model


 *************** function ___flsub *****************
 Defined at:
		line 20 in file "C:\Program Files (x86)\Microchip\xc8\v1.34\sources\common\flsub.c"
 Parameters:    Size  Location     Type
  f1              4   15[BANK0 ] unsigned char 
  f2              4   19[BANK0 ] unsigned char 
 Auto vars:     Size  Location     Type
		None
 Return value:  Size  Location     Type
                  4   15[BANK0 ] unsigned char 
 Registers used:
		wreg, status,2, status,0, cstack
 Tracked objects:
		On entry : 
		On exit  : 
		Unchanged: 
 Data sizes:     COMRAM   BANK0   BANK1   BANK2   BANK3   BANK4   BANK5
      Params:         0       8       0       0       0       0       0
      Locals:         0       0       0       0       0       0       0
      Temps:          0       0       0       0       0       0       0
      Totals:         0       8       0       0       0       0       0
Total ram usage:        8 bytes
 Hardware stack levels used:    1
 Hardware stack levels required when called:    4
 This function calls:
		___fladd
 This function is called by:
		_sqrt
		_exp
 This function uses a non-reentrant model


 *************** function _atan *****************
 Defined at:
		line 8 in file "C:\Program Files (x86)\Microchip\xc8\v1.34\sources\common\atan.c"
 Parameters:    Size  Location     Type
  f               4   46[BANK0 ] unsigned char 
 Auto vars:     Size  Location     Type
  val             4   63[BANK0 ] unsigned char 
  val_squared     4   59[BANK0 ] unsigned char 
  x               4   54[BANK0 ] unsigned char 
  y               4   50[BANK0 ] unsigned char 
  recip           1   58[BANK0 ] unsigned char 
 Return value:  Size  Location     Type
                  4   46[BANK0 ] unsigned char 
 Registers used:
		wreg, status,2, status,0, tblptrl, tblptrh, tblptru, cstack
 Tracked objects:
		On entry : 
		On exit  : 
		Unchanged: 
 Data sizes:     COMRAM   BANK0   BANK1   BANK2   BANK3   BANK4   BANK5
      Params:         0       4       0       0       0       0       0
      Locals:         0      17       0       0       0       0       0
      Temps:          0       0       0       0       0       0       0
      Totals:         0      21       0       0       0       0       0
Total ram usage:       21 bytes
 Hardware stack levels used:    1
 Hardware stack levels required when called:    5
 This function calls:
		___fladd
		___fldiv
		___flge
		___flmul
		___flneg
		_eval_poly
		_fabs
 This function is called by:
		_Gyros_Update
		_asin
 This function uses a non-reentrant model


 *************** function _fabs *****************
 Defined at:
		line 4 in file "C:\Program Files (x86)\Microchip\xc8\v1.34\sources\common\fabs.c"
 Parameters:    Size  Location     Type
  d               4   35[COMRAM] unsigned char 
 Auto vars:     Size  Location     Type
		None
 Return value:  Size  Location     Type
                  4   35[COMRAM] unsigned char 
 Registers used:
		wreg, status,2, status,0, cstack
 Tracked objects:
		On entry : 
		On exit  : 
		Unchanged: 
 Data sizes:     COMRAM   BANK0   BANK1   BANK2   BANK3   BANK4   BANK5
      Params:         4       0       0       0       0       0       0
      Locals:         0       0       0       0       0       0       0
      Temps:          0       0       0       0       0       0       0
      Totals:         4       0       0       0       0       0       0
Total ram usage:        4 bytes
 Hardware stack levels used:    1
 Hardware stack levels required when called:    3
 This function calls:
		___flneg
 This function is called by:
		_asin
		_atan
 This function uses a non-reentrant model


 *************** function ___flneg *****************
 Defined at:
		line 15 in file "C:\Program Files (x86)\Microchip\xc8\v1.34\sources\common\flneg.c"
 Parameters:    Size  Location     Type
  f1              4   31[COMRAM] unsigned char 
 Auto vars:     Size  Location     Type
		None
[...]
		On exit  : 
		Unchanged: 
 Data sizes:     COMRAM   BANK0   BANK1   BANK2   BANK3   BANK4   BANK5
      Params:         0       0       0       0       0       0       0
      Locals:         1       0       0       0       0       0       0
      Temps:          0       0       0       0       0       0       0
      Totals:         1       0       0       0       0       0       0
Total ram usage:        1 bytes
 Hardware stack levels used:    1
 Hardware stack levels required when called:    6
 This function calls:
		_Accel_ReadRegister
		_Accel_WriteRegister
 This function is called by:
		_Accel_Init
 This function uses a non-reentrant model


 *************** function _Accel_WriteRegister *****************
 Defined at:
		line 54 in file "accel.c"
 Parameters:    Size  Location     Type
  reg             1    wreg     unsigned char 
  value           1   36[COMRAM] unsigned char 
 Auto vars:     Size  Location     Type
  reg             1   37[COMRAM] unsigned char 
 Return value:  Size  Location     Type
		None               void
 Registers used:
		wreg, status,2, status,0, cstack
 Tracked objects:
		On entry : 
		On exit  : 
		Unchanged: 
 Data sizes:     COMRAM   BANK0   BANK1   BANK2   BANK3   BANK4   BANK5
      Params:         1       0       0       0       0       0       0
      Locals:         1       0       0       0       0       0       0
      Temps:          0       0       0       0       0       0       0
      Totals:         2       0       0       0       0       0       0
Total ram usage:        2 bytes
 Hardware stack levels used:    1
 Hardware stack levels required when called:    5
 This function calls:
		_EEByteWrite
 This function is called by:
		_Accel_Init
		_Accel_StandBy
		_Accel_Active
 This function uses a non-reentrant model


 *************** function _EEByteWrite *****************
 Defined at:
		line 17 in file "C:\Program Files (x86)\Microchip\xc8\v1.34\sources\pic18\plib\i2c\i2c_eebw.c"
 Parameters:    Size  Location     Type
  control         1    wreg     unsigned char 
  address         1   33[COMRAM] unsigned char 
  data            1   34[COMRAM] unsigned char 
 Auto vars:     Size  Location     Type
  control         1   35[COMRAM] unsigned char 
 Return value:  Size  Location     Type
                  1    wreg      char 
 Registers used:
		wreg, status,2, status,0, cstack
 Tracked objects:
		On entry : 
		On exit  : 
		Unchanged: 
 Data sizes:     COMRAM   BANK0   BANK1   BANK2   BANK3   BANK4   BANK5
      Params:         2       0       0       0       0       0       0
      Locals:         1       0       0       0       0       0       0
      Temps:          0       0       0       0       0       0       0
      Totals:         3       0       0       0       0       0       0
Total ram usage:        3 bytes
 Hardware stack levels used:    1
 Hardware stack levels required when called:    4
 This function calls:
		_IdleI2C
		_WriteI2C
 This function is called by:
		_Accel_WriteRegister
 This function uses a non-reentrant model


 *************** function _Accel_ReadRegister *****************
 Defined at:
		line 59 in file "accel.c"
 Parameters:    Size  Location     Type
  reg             1    wreg     unsigned char 
 Auto vars:     Size  Location     Type
  reg             1   39[COMRAM] unsigned char 
  out             1   40[COMRAM] unsigned char 
 Return value:  Size  Location     Type
                  1    wreg      unsigned char 
 Registers used:
		wreg, fsr2l, fsr2h, status,2, status,0, cstack
 Tracked objects:
		On entry : 
		On exit  : 
		Unchanged: 
 Data sizes:     COMRAM   BANK0   BANK1   BANK2   BANK3   BANK4   BANK5
      Params:         0       0       0       0       0       0       0
      Locals:         2       0       0       0       0       0       0
      Temps:          0       0       0       0       0       0       0
      Totals:         2       0       0       0       0       0       0
Total ram usage:        2 bytes
 Hardware stack levels used:    1
 Hardware stack levels required when called:    5
 This function calls:
		_EESequentialRead
 This function is called by:
		_Accel_Init
		_Accel_StandBy
		_Accel_Active
 This function uses a non-reentrant model


 *************** function _EESequentialRead *****************
 Defined at:
		line 18 in file "C:\Program Files (x86)\Microchip\xc8\v1.34\sources\pic18\plib\i2c\i2c_eesr.c"
 Parameters:    Size  Location     Type
  control         1    wreg     unsigned char 
  address         1   34[COMRAM] unsigned char 
  rdptr           2   35[COMRAM] PTR unsigned char 
		 -> Accel_ReadRegister@out(1), Accel_Get@raw(6), 
  length          1   37[COMRAM] unsigned char 
 Auto vars:     Size  Location     Type
  control         1   38[COMRAM] unsigned char 
 Return value:  Size  Location     Type
                  1    wreg      char 
 Registers used:
		wreg, fsr2l, fsr2h, status,2, status,0, cstack
 Tracked objects:
		On entry : 
		On exit  : 
		Unchanged: 
 Data sizes:     COMRAM   BANK0   BANK1   BANK2   BANK3   BANK4   BANK5
      Params:         4       0       0       0       0       0       0
      Locals:         1       0       0       0       0       0       0
      Temps:          0       0       0       0       0       0       0
      Totals:         5       0       0       0       0       0       0
Total ram usage:        5 bytes
 Hardware stack levels used:    1
 Hardware stack levels required when called:    4
 This function calls:
		_IdleI2C
		_WriteI2C
		_getsI2C
 This function is called by:
		_Accel_ReadRegister
		_Accel_ReadRegisters
 This function uses a non-reentrant model


 *************** function _getsI2C *****************
 Defined at:
		line 17 in file "C:\Program Files (x86)\Microchip\xc8\v1.34\sources\pic18\plib\i2c\i2c_gets.c"
 Parameters:    Size  Location     Type
  rdptr           2   31[COMRAM] PTR unsigned char 
		 -> Accel_ReadRegister@out(1), Accel_Get@raw(6), 
  length          1   33[COMRAM] unsigned char 
 Auto vars:     Size  Location     Type
		None
 Return value:  Size  Location     Type
                  1    wreg      char 
 Registers used:
		wreg, fsr2l, fsr2h, status,2, status,0, cstack
 Tracked objects:
		On entry : 
		On exit  : 
		Unchanged: 
 Data sizes:     COMRAM   BANK0   BANK1   BANK2   BANK3   BANK4   BANK5
      Params:         3       0       0       0       0       0       0
      Locals:         0       0       0       0       0       0       0
      Temps:          0       0       0       0       0       0       0
      Totals:         3       0       0       0       0       0       0
Total ram usage:        3 bytes
 Hardware stack levels used:    1
 Hardware stack levels required when called:    3
 This function calls:
		_ReadI2C
 This function is called by:
		_EESequentialRead
 This function uses a non-reentrant model


 *************** function _ReadI2C *****************
 Defined at:
		line 11 in file "C:\Program Files (x86)\Microchip\xc8\v1.34\sources\pic18\plib\i2c\i2c_read.c"
 Parameters:    Size  Location     Type
		None
 Auto vars:     Size  Location     Type
		None
 Return value:  Size  Location     Type
                  1    wreg      unsigned char 
 Registers used:
		wreg, status,2, status,0
 Tracked objects:
		On entry : 
		On exit  : 
		Unchanged: 
 Data sizes:     COMRAM   BANK0   BANK1   BANK2   BANK3   BANK4   BANK5
      Params:         0       0       0       0       0       0       0
      Locals:         0       0       0       0       0       0       0
      Temps:          0       0       0       0       0       0       0
      Totals:         0       0       0       0       0       0       0
Total ram usage:        0 bytes
 Hardware stack levels used:    1
 Hardware stack levels required when called:    2
 This function calls:
		Nothing
 This function is called by:
		_getsI2C
 This function uses a non-reentrant model


 *************** function _WriteI2C *****************
 Defined at:
		line 12 in file "C:\Program Files (x86)\Microchip\xc8\v1.34\sources\pic18\plib\i2c\i2c_writ.c"
 Parameters:    Size  Location     Type
  data_out        1    wreg     unsigned char 
 Auto vars:     Size  Location     Type
  data_out        1   32[COMRAM] unsigned char 
 Return value:  Size  Location     Type
                  1    wreg      char 
 Registers used:
		wreg, status,2, status,0, cstack
 Tracked objects:
		On entry : 
		On exit  : 
		Unchanged: 
 Data sizes:     COMRAM   BANK0   BANK1   BANK2   BANK3   BANK4   BANK5
      Params:         0       0       0       0       0       0       0
      Locals:         1       0       0       0       0       0       0
      Temps:          0       0       0       0       0       0       0
      Totals:         1       0       0       0       0       0       0
Total ram usage:        1 bytes
 Hardware stack levels used:    1
 Hardware stack levels required when called:    3
 This function calls:
		_IdleI2C
 This function is called by:
		_EEByteWrite
		_EESequentialRead
 This function uses a non-reentrant model


 *************** function _IdleI2C *****************
 Defined at:
		line 24 in file "C:\Program Files (x86)\Microchip\xc8\v1.34\sources\pic18\plib\i2c\i2c_idle.c"
 Parameters:    Size  Location     Type
		None
 Auto vars:     Size  Location     Type
		None
 Return value:  Size  Location     Type
		None               void
 Registers used:
		wreg, status,2, status,0
 Tracked objects:
		On entry : 
		On exit  : 
		Unchanged: 
 Data sizes:     COMRAM   BANK0   BANK1   BANK2   BANK3   BANK4   BANK5
      Params:         0       0       0       0       0       0       0
      Locals:         0       0       0       0       0       0       0
      Temps:          1       0       0       0       0       0       0
      Totals:         1       0       0       0       0       0       0
Total ram usage:        1 bytes
 Hardware stack levels used:    1
 Hardware stack levels required when called:    2
 This function calls:
		Nothing
 This function is called by:
		_EEByteWrite
		_EESequentialRead
		_WriteI2C
 This function uses a non-reentrant model


 *************** function _System_LowPriorityInterrupt *****************
 Defined at:
		line 8 in file "system.c"
 Parameters:    Size  Location     Type
		None
 Auto vars:     Size  Location     Type
		None
 Return value:  Size  Location     Type
		None               void
 Registers used:
		None
 Tracked objects:
		On entry : 
		On exit  : 
		Unchanged: 
 Data sizes:     COMRAM   BANK0   BANK1   BANK2   BANK3   BANK4   BANK5
      Params:         0       0       0       0       0       0       0
      Locals:         0       0       0       0       0       0       0
      Temps:         17       0       0       0       0       0       0
      Totals:        17       0       0       0       0       0       0
Total ram usage:       17 bytes
 Hardware stack levels used:    1
 Hardware stack levels required when called:    1
 This function calls:
		Nothing
 This function is called by:
		Interrupt level 1
 This function uses a non-reentrant model


 *************** function _System_HighPriorityInterrupt *****************
 Defined at:
		line 3 in file "system.c"
 Parameters:    Size  Location     Type
		None
 Auto vars:     Size  Location     Type
		None
 Return value:  Size  Location     Type
		None               void
 Registers used:
		None
 Tracked objects:
		On entry : 
		On exit  : 
		Unchanged: 
 Data sizes:     COMRAM   BANK0   BANK1   BANK2   BANK3   BANK4   BANK5
      Params:         0       0       0       0       0       0       0
      Locals:         0       0       0       0       0       0       0
      Temps:         14       0       0       0       0       0       0
      Totals:        14       0       0       0       0       0       0
Total ram usage:       14 bytes
 Hardware stack levels used:    1
 This function calls:
		Nothing
 This function is called by:
		Interrupt level 2
 This function uses a non-reentrant model



MODULE INFORMATION

Module		Function		Class		Link	Load	Size
accel.c
		_Accel_ReadRegi		CODE           	2D06	0000	27
		_Accel_ReadRegi		CODE           	2CA4	0000	35
		_Accel_StandBy 		CODE           	2D20	0000	23
		_Accel_Init    		CODE           	2B6E	0000	63
		_Accel_WriteReg		CODE           	2D4C	0000	19
		_Accel_Active  		CODE           	2D36	0000	23
		_Accel_Get     		CODE           	192E	0000	395

accel.c estimated size: 585

C:\Program Files (x86)\Microchip\xc8\v1.34\sources\common\fabs.c
		_fabs          		CODE           	2BAC	0000	61

C:\Program Files (x86)\Microchip\xc8\v1.34\sources\common\fabs.c estimated size: 61

C:\Program Files (x86)\Microchip\xc8\v1.34\sources\common\flneg.c
		___flneg       		CODE           	2C1A	0000	51

C:\Program Files (x86)\Microchip\xc8\v1.34\sources\common\flneg.c estimated size: 51

C:\Program Files (x86)\Microchip\xc8\v1.34\sources\pic18\plib\i2c\i2c_eebw.c
		_EEByteWrite   		CODE           	25F4	0000	163

C:\Program Files (x86)\Microchip\xc8\v1.34\sources\pic18\plib\i2c\i2c_eebw.c estimated size: 163

C:\Program Files (x86)\Microchip\xc8\v1.34\sources\pic18\plib\i2c\i2c_clos.c
		_CloseI2C      		CODE           	2D78	0000	5

C:\Program Files (x86)\Microchip\xc8\v1.34\sources\pic18\plib\i2c\i2c_clos.c estimated size: 5

C:\Program Files (x86)\Microchip\xc8\v1.34\sources\common\flsub.c
		___flsub       		CODE           	29DE	0000	97

C:\Program Files (x86)\Microchip\xc8\v1.34\sources\common\flsub.c estimated size: 97

C:\Program Files (x86)\Microchip\xc8\v1.34\sources\pic18\plib\i2c\i2c_idle.c
		_IdleI2C       		CODE           	2D5E	0000	19

C:\Program Files (x86)\Microchip\xc8\v1.34\sources\pic18\plib\i2c\i2c_idle.c estimated size: 19

C:\Program Files (x86)\Microchip\xc8\v1.34\sources\pic18\plib\USART\uopen.c
		_OpenUSART     		CODE           	27C4	0000	115

C:\Program Files (x86)\Microchip\xc8\v1.34\sources\pic18\plib\USART\uopen.c estimated size: 115

C:\Program Files (x86)\Microchip\xc8\v1.34\sources\pic18\plib\i2c\i2c_gets.c
		_getsI2C       		CODE           	2A3E	0000	89

C:\Program Files (x86)\Microchip\xc8\v1.34\sources\pic18\plib\i2c\i2c_gets.c estimated size: 89

C:\Program Files (x86)\Microchip\xc8\v1.34\sources\common\evalpoly.c
		_eval_poly     		CODE           	211C	0000	275

C:\Program Files (x86)\Microchip\xc8\v1.34\sources\common\evalpoly.c estimated size: 275

gyros.c
		_Gyros_Init    		CODE           	2732	0000	147
		_Gyros_Update  		CODE           	067A	0000	1063

gyros.c estimated size: 1210

C:\Program Files (x86)\Microchip\xc8\v1.34\sources\common\exp.c
		_exp           		CODE           	0DC4	0000	653

C:\Program Files (x86)\Microchip\xc8\v1.34\sources\common\exp.c estimated size: 653

C:\Program Files (x86)\Microchip\xc8\v1.34\sources\common\acos.c
		_acos          		CODE           	2836	0000	115

C:\Program Files (x86)\Microchip\xc8\v1.34\sources\common\acos.c estimated size: 115

C:\Program Files (x86)\Microchip\xc8\v1.34\sources\common\atan.c
		_atan          		CODE           	12B0	0000	599

C:\Program Files (x86)\Microchip\xc8\v1.34\sources\common\atan.c estimated size: 599

C:\Program Files (x86)\Microchip\xc8\v1.34\sources\common\flmul.c
		___flmul       		CODE           	1C32	0000	357

C:\Program Files (x86)\Microchip\xc8\v1.34\sources\common\flmul.c estimated size: 357

C:\Program Files (x86)\Microchip\xc8\v1.34\sources\common\double.c
		___flpack      		CODE           	222E	0000	273

C:\Program Files (x86)\Microchip\xc8\v1.34\sources\common\double.c estimated size: 273

C:\Program Files (x86)\Microchip\xc8\v1.34\sources\common\frexp.c
		_ldexp         		CODE           	1ECC	0000	307
		_frexp         		CODE           	2696	0000	157

C:\Program Files (x86)\Microchip\xc8\v1.34\sources\common\frexp.c estimated size: 464

C:\Program Files (x86)\Microchip\xc8\v1.34\sources\pic18\plib\USART\ubaud.c
		_baudUSART     		CODE           	2D70	0000	9

C:\Program Files (x86)\Microchip\xc8\v1.34\sources\pic18\plib\USART\ubaud.c estimated size: 9

C:\Program Files (x86)\Microchip\xc8\v1.34\sources\common\fldiv.c
		___fldiv       		CODE           	1D96	0000	311

C:\Program Files (x86)\Microchip\xc8\v1.34\sources\common\fldiv.c estimated size: 311

C:\Program Files (x86)\Microchip\xc8\v1.34\sources\common\floor.c
		_floor         		CODE           	1FFE	0000	287

C:\Program Files (x86)\Microchip\xc8\v1.34\sources\common\floor.c estimated size: 287

shared
		exp@coeff      		SMALLCONST     	0601	0000	41
		atan@coeff_a   		SMALLCONST     	064D	0000	25
		atan@coeff_b   		SMALLCONST     	0665	0000	21
		__initializatio		CODE           	2BE8	0000	37
		log@coeff      		SMALLCONST     	0629	0000	37

shared estimated size: 161

C:\Program Files (x86)\Microchip\xc8\v1.34\sources\common\log.c
		_log           		CODE           	1AB8	0000	379

C:\Program Files (x86)\Microchip\xc8\v1.34\sources\common\log.c estimated size: 379

C:\Program Files (x86)\Microchip\xc8\v1.34\sources\common\awtofl.c
		___awtofl      		CODE           	2AE8	0000	69

C:\Program Files (x86)\Microchip\xc8\v1.34\sources\common\awtofl.c estimated size: 69

C:\Program Files (x86)\Microchip\xc8\v1.34\sources\pic18\plib\i2c\i2c_open.c
		_OpenI2C       		CODE           	2CE8	0000	31

C:\Program Files (x86)\Microchip\xc8\v1.34\sources\pic18\plib\i2c\i2c_open.c estimated size: 31

C:\Program Files (x86)\Microchip\xc8\v1.34\sources\common\asin.c
		_asin          		CODE           	0AA0	0000	805

C:\Program Files (x86)\Microchip\xc8\v1.34\sources\common\asin.c estimated size: 805

C:\Program Files (x86)\Microchip\xc8\v1.34\sources\pic18\plib\i2c\i2c_eesr.c
		_EESequentialRe		CODE           	2428	0000	233

C:\Program Files (x86)\Microchip\xc8\v1.34\sources\pic18\plib\i2c\i2c_eesr.c estimated size: 233

C:\Program Files (x86)\Microchip\xc8\v1.34\sources\common\fltol.c
		___fltol       		CODE           	233E	0000	235

C:\Program Files (x86)\Microchip\xc8\v1.34\sources\common\fltol.c estimated size: 235

C:\Program Files (x86)\Microchip\xc8\v1.34\sources\common\pow.c
		_pow           		CODE           	172E	0000	513

C:\Program Files (x86)\Microchip\xc8\v1.34\sources\common\pow.c estimated size: 513

C:\Program Files (x86)\Microchip\xc8\v1.34\sources\common\flge.c
		___flge        		CODE           	2510	0000	229

C:\Program Files (x86)\Microchip\xc8\v1.34\sources\common\flge.c estimated size: 229

C:\Program Files (x86)\Microchip\xc8\v1.34\sources\pic18\plib\i2c\i2c_writ.c
		_WriteI2C      		CODE           	297A	0000	101

C:\Program Files (x86)\Microchip\xc8\v1.34\sources\pic18\plib\i2c\i2c_writ.c estimated size: 101

C:\Program Files (x86)\Microchip\xc8\v1.34\sources\common\sqrt.c
		_sqrt          		CODE           	1506	0000	553

C:\Program Files (x86)\Microchip\xc8\v1.34\sources\common\sqrt.c estimated size: 553

C:\Program Files (x86)\Microchip\xc8\v1.34\sources\common\fladd.c
		___fladd       		CODE           	1050	0000	609

C:\Program Files (x86)\Microchip\xc8\v1.34\sources\common\fladd.c estimated size: 609

C:\Program Files (x86)\Microchip\xc8\v1.34\sources\common\lltofl.c
		___lltofl      		CODE           	2C4C	0000	49

C:\Program Files (x86)\Microchip\xc8\v1.34\sources\common\lltofl.c estimated size: 49

C:\Program Files (x86)\Microchip\xc8\v1.34\sources\common\altofl.c
		___altofl      		CODE           	2A96	0000	83

C:\Program Files (x86)\Microchip\xc8\v1.34\sources\common\altofl.c estimated size: 83

main.c
		_main          		CODE           	28A8	0000	109

main.c estimated size: 109

C:\Program Files (x86)\Microchip\xc8\v1.34\sources\common\Umul16.c
		___wmul        		CODE           	2C7C	0000	41

C:\Program Files (x86)\Microchip\xc8\v1.34\sources\common\Umul16.c estimated size: 41

system.c
		_System_HighPri		CODE           	0008	0000	119
		_System_LowPrio		CODE           	0018	0000	139
		_System_Init   		CODE           	2B2C	0000	67

system.c estimated size: 325

C:\Program Files (x86)\Microchip\xc8\v1.34\sources\pic18\plib\i2c\i2c_read.c
		_ReadI2C       		CODE           	2CC6	0000	35

C:\Program Files (x86)\Microchip\xc8\v1.34\sources\pic18\plib\i2c\i2c_read.c estimated size: 35

