Microchip MPLAB XC8 Compiler V1.34 ()

Linker command line:

-W-3 --edf=C:\Program Files (x86)\Microchip\xc8\v1.34\dat\en_msgs.txt -cs \
  -h+dist/default/production\RemoteGestureControl.X.production.sym \
  --cmf=dist/default/production\RemoteGestureControl.X.production.cmf -z \
  -Q18F45K20 -oC:\Users\luizg\AppData\Local\Temp\s28c8.6 \
  -Mdist/default/production/RemoteGestureControl.X.production.map -E1 \
  -ver=XC8 -ASTACK=07Ah-05ffh -pstack=STACK -ACODE=00h-07FFFh \
  -ACONST=00h-07FFFh -ASMALLCONST=0600h-06FFhx122 \
  -AMEDIUMCONST=0600h-07FFFh -ACOMRAM=01h-05Fh -AABS1=00h-05FFh \
  -ABIGRAM=01h-05FFh -ARAM=060h-0FFh,0100h-01FFhx5 -ABANK0=060h-0FFh \
  -ABANK1=0100h-01FFh -ABANK2=0200h-02FFh -ABANK3=0300h-03FFh \
  -ABANK4=0400h-04FFh -ABANK5=0500h-05FFh -ASFR=0F60h-0FFFh \
  -preset_vec=00h,intcode=08h,intcodelo=018h,powerup,init,end_init \
  -pramtop=0600h -psmallconst=SMALLCONST -pmediumconst=MEDIUMCONST \
  -pconst=CONST -AFARRAM=00h-00h -ACONFIG=0300000h-030000Dh -pconfig=CONFIG \
  -AIDLOC=0200000h-0200007h -pidloc=IDLOC -AEEDATA=0F00000h-0F000FFh \
  -peeprom_data=EEDATA \
  -prdata=COMRAM,nvrram=COMRAM,nvbit=COMRAM,rbss=COMRAM,rbit=COMRAM \
  -pfarbss=FARRAM,fardata=FARRAM,nvFARRAM=FARRAM \
  -pintsave_regs=BIGRAM,bigbss=BIGRAM,bigdata=BIGRAM -pbss=RAM \
  -pidata=CODE,irdata=CODE,ibigdata=CODE,ifardata=CODE -pparam0=BANK0 \
  C:\Users\luizg\AppData\Local\Temp\s28c8.obj \
  dist/default/production\RemoteGestureControl.X.production.obj 

Object code version is 3.11

Machine type is 18F45K20

Call graph: (short form)




                Name                               Link     Load   Length Selector   Space Scale
C:\Users\luizg\AppData\Local\Temp\s28c8.obj
                end_init                             A2       A2        4        C       0
                reset_vec                             0        0        4        0       0
                idloc                            200000   200000        8   200000       0
                config                           300000   300000        E   300000       0
dist/default/production\RemoteGestureControl.X.production.obj
                intcodelo                            18       18       8A        C       0
                intcode                               8        8       10        4       0
                smallconst                          600      600       7A      300       0
                intcode_body                        6EC      6EC       66      33D       0
                text5                               822      822        4      33D       0
                text4                               7FC      7FC       1E      33D       0
                text3                               67A      67A       72      33D       0
                text2                               81A      81A        8      33D       0
                text1                               794      794       42      33D       0
                text0                               752      752       42      33D       0
                cstackCOMRAM                         37       37       17        1       1
                cstackBANK0                          60       60        E       60       1
                bssBANK0                             6E       6E        C       60       1
                bssCOMRAM                             1        1       36        1       1
                cinit                               7D6      7D6       26      33D       0

TOTAL           Name                               Link     Load   Length     Space
        CLASS   STACK          

        CLASS   CODE           
                end_init                             A2       A2        4         0
                intcodelo                            18       18       8A         0
                intcode                               8        8       10         0
                reset_vec                             0        0        4         0
                intcode_body                        6EC      6EC       66         0
                text5                               822      822        4         0
                text4                               7FC      7FC       1E         0
                text3                               67A      67A       72         0
                text2                               81A      81A        8         0
                text1                               794      794       42         0
                text0                               752      752       42         0
                cinit                               7D6      7D6       26         0

        CLASS   CONST          

        CLASS   SMALLCONST     
                smallconst                          600      600       7A         0

        CLASS   MEDIUMCONST    

        CLASS   COMRAM         
                cstackCOMRAM                         37       37       17         1
                bssCOMRAM                             1        1       36         1

        CLASS   ABS1           

        CLASS   BIGRAM         

        CLASS   RAM            

        CLASS   BANK0          
                cstackBANK0                          60       60        E         1
                bssBANK0                             6E       6E        C         1

        CLASS   BANK1          

        CLASS   BANK2          

        CLASS   BANK3          

        CLASS   BANK4          

        CLASS   BANK5          

        CLASS   SFR            

        CLASS   FARRAM         

        CLASS   CONFIG         
                config                           300000   300000        E         0

        CLASS   IDLOC          
                idloc                            200000   200000        8         0

        CLASS   EEDATA         



SEGMENTS        Name                           Load    Length   Top    Selector   Space  Class

                reset_vec                      000000  000004  000004         0       0  CODE    
                bssCOMRAM                      000001  00004D  00004E         1       1  COMRAM  
                intcode                        000008  000010  000018         4       0  CODE    
                intcodelo                      000018  00008E  0000A6         C       0  CODE    
                cstackBANK0                    000060  00001A  00007A        60       1  BANK0   
                smallconst                     000600  00007A  00067A       300       0  SMALLCON
                text3                          00067A  0001AC  000826       33D       0  CODE    
                idloc                          200000  000008  200008    200000       0  IDLOC   
                config                         300000  00000E  30000E    300000       0  CONFIG  


UNUSED ADDRESS RANGES

        Name                Unused          Largest block    Delta
        BANK0            00007A-0000FF               86
        BANK1            000100-0001FF              100
        BANK2            000200-0002FF              100
        BANK3            000300-0003FF              100
        BANK4            000400-0004FF              100
        BANK5            000500-0005FF              100
        BIGRAM           00004E-00005F               12
                         00007A-0005FF              586
        CODE             000004-000007                4
                         0000A6-0005FF              55A
                         000826-007FFF             77DA
        COMRAM           00004E-00005F               12
        CONST            000004-000007                4
                         0000A6-0005FF              55A
                         000826-007FFF             77DA
        EEDATA           F00000-F000FF              100
        MEDIUMCONST      000826-007FFF             77DA
        RAM              00007A-0005FF              100
        SFR              000F60-000FFF               A0
        SMALLCONST       000826-007FFF              100
        STACK            00007A-0005FF              586

                                  Symbol Table

OpenI2C@slew                           cstackCOMRAM 000048
OpenI2C@sync_mode                      cstackCOMRAM 000049
OpenUSART@config                       cstackCOMRAM 00004A
OpenUSART@spbrg                        cstackCOMRAM 000048
_BAUDCON                               (abs)        000FB8
_CloseI2C                              text5        000822
_LATCbits                              (abs)        000F8B
_OSCCONbits                            (abs)        000FD3
_OpenI2C                               text4        0007FC
_OpenUSART                             text3        00067A
_PIE1                                  (abs)        000F9D
_PIE1bits                              (abs)        000F9D
_PIR1bits                              (abs)        000F9E
_RCSTA                                 (abs)        000FAB
_RCSTAbits                             (abs)        000FAB
_SPBRG                                 (abs)        000FAF
_SPBRGH                                (abs)        000FB0
_SSPADD                                (abs)        000FC8
_SSPCON1                               (abs)        000FC6
_SSPCON2                               (abs)        000FC5
_SSPCON2bits                           (abs)        000FC5
_SSPSTAT                               (abs)        000FC7
_System_HighPriorityInterrupt          intcode      000008
_System_Init                           text1        000794
_System_LowPriorityInterrupt           intcodelo    000018
_TRISCbits                             (abs)        000F94
_TXSTA                                 (abs)        000FAC
_TXSTAbits                             (abs)        000FAC
__CFG_BOREN$SBORDIS                    (abs)        000000
__CFG_BORV$18                          (abs)        000000
__CFG_CCP2MX$PORTC                     (abs)        000000
__CFG_CP0$OFF                          (abs)        000000
__CFG_CP1$OFF                          (abs)        000000
__CFG_CP2$OFF                          (abs)        000000
__CFG_CP3$OFF                          (abs)        000000
__CFG_CPB$OFF                          (abs)        000000
__CFG_CPD$OFF                          (abs)        000000
__CFG_EBTR0$OFF                        (abs)        000000
__CFG_EBTR1$OFF                        (abs)        000000
__CFG_EBTR2$OFF                        (abs)        000000
__CFG_EBTR3$OFF                        (abs)        000000
__CFG_EBTRB$OFF                        (abs)        000000
__CFG_FCMEN$OFF                        (abs)        000000
__CFG_FOSC$INTIO67                     (abs)        000000
__CFG_HFOFST$ON                        (abs)        000000
__CFG_IESO$OFF                         (abs)        000000
__CFG_LPT1OSC$OFF                      (abs)        000000
__CFG_LVP$OFF                          (abs)        000000
__CFG_MCLRE$ON                         (abs)        000000
__CFG_PBADEN$ON                        (abs)        000000
__CFG_PWRT$OFF                         (abs)        000000
__CFG_STVREN$ON                        (abs)        000000
__CFG_WDTEN$OFF                        (abs)        000000
__CFG_WDTPS$32768                      (abs)        000000
__CFG_WRT0$OFF                         (abs)        000000
__CFG_WRT1$OFF                         (abs)        000000
__CFG_WRT2$OFF                         (abs)        000000
__CFG_WRT3$OFF                         (abs)        000000
__CFG_WRTB$OFF                         (abs)        000000
__CFG_WRTC$OFF                         (abs)        000000
__CFG_WRTD$OFF                         (abs)        000000
__CFG_XINST$OFF                        (abs)        000000
__HRAM                                 (abs)        000000
__Habs1                                abs1         000000
__Hbank0                               bank0        000000
__Hbank1                               bank1        000000
__Hbank2                               bank2        000000
__Hbank3                               bank3        000000
__Hbank4                               bank4        000000
__Hbank5                               bank5        000000
__Hbigbss                              bigbss       000000
__Hbigdata                             bigdata      000000
__Hbigram                              bigram       000000
__Hbss                                 bss          000000
__HbssBANK0                            bssBANK0     000000
__HbssCOMRAM                           bssCOMRAM    000000
__Hcinit                               cinit        000000
__Hclrtext                             clrtext      000000
__Hcomram                              comram       000000
__Hconfig                              config       30000E
__Hconst                               const        000000
__HcstackBANK0                         cstackBANK0  000000
__HcstackCOMRAM                        cstackCOMRAM 000000
__Hdata                                data         000000
__Heeprom_data                         eeprom_data  000000
__Hend_init                            end_init     0000A6
__Hfarbss                              farbss       000000
__Hfardata                             fardata      000000
__Hibigdata                            ibigdata     000000
__Hidata                               idata        000000
__Hidloc                               idloc        200008
__Hifardata                            ifardata     000000
__Hinit                                init         0000A2
__Hintcode                             intcode      000018
__Hintcode_body                        intcode_body 000000
__Hintcodelo                           intcodelo    0000A2
__Hintentry                            intentry     000000
__Hintret                              intret       000000
__Hintsave_regs                        intsave_regs 000000
__Hirdata                              irdata       000000
__Hmediumconst                         mediumconst  000000
__HnvFARRAM                            nvFARRAM     000000
__Hnvbit                               nvbit        000000
__Hnvrram                              nvrram       000000
__Hparam                               param0       000000
__Hparam0                              param0       000000
__Hpowerup                             powerup      0000A2
__Hram                                 ram          000000
__Hramtop                              ramtop       000600
__Hrbit                                rbit         000000
__Hrbss                                rbss         000000
__Hrdata                               rdata        000000
__Hreset_vec                           reset_vec    000004
__Hsfr                                 sfr          000000
__Hsmallconst                          smallconst   00067A
__Hspace_0                             (abs)        30000E
__Hspace_1                             (abs)        00007A
__Hspace_2                             (abs)        000000
__Hstack                               stack        000000
__Hstruct                              struct       000000
__Htemp                                temp         000000
__Htext                                text         000000
__Htext0                               text0        000000
__Htext1                               text1        000000
__Htext2                               text2        000000
__Htext3                               text3        000000
__Htext4                               text4        000000
__Htext5                               text5        000000
__LRAM                                 (abs)        000001
__Labs1                                abs1         000000
__Lbank0                               bank0        000000
__Lbank1                               bank1        000000
__Lbank2                               bank2        000000
__Lbank3                               bank3        000000
__Lbank4                               bank4        000000
__Lbank5                               bank5        000000
__Lbigbss                              bigbss       000000
__Lbigdata                             bigdata      000000
__Lbigram                              bigram       000000
__Lbss                                 bss          000000
__LbssBANK0                            bssBANK0     000000
__LbssCOMRAM                           bssCOMRAM    000000
__Lcinit                               cinit        000000
__Lclrtext                             clrtext      000000
__Lcomram                              comram       000000
__Lconfig                              config       300000
__Lconst                               const        000000
__LcstackBANK0                         cstackBANK0  000000
__LcstackCOMRAM                        cstackCOMRAM 000000
__Ldata                                data         000000
__Leeprom_data                         eeprom_data  000000
__Lend_init                            end_init     0000A2
__Lfarbss                              farbss       000000
__Lfardata                             fardata      000000
__Libigdata                            ibigdata     000000
__Lidata                               idata        000000
__Lidloc                               idloc        200000
__Lifardata                            ifardata     000000
__Linit                                init         0000A2
__Lintcode                             intcode      000008
__Lintcode_body                        intcode_body 000000
__Lintcodelo                           intcodelo    000018
__Lintentry                            intentry     000000
__Lintret                              intret       000000
__Lintsave_regs                        intsave_regs 000000
__Lirdata                              irdata       000000
__Lmediumconst                         mediumconst  000000
__LnvFARRAM                            nvFARRAM     000000
__Lnvbit                               nvbit        000000
__Lnvrram                              nvrram       000000
__Lparam                               param0       000000
__Lparam0                              param0       000000
__Lpowerup                             powerup      0000A2
__Lram                                 ram          000000
__Lramtop                              ramtop       000600
__Lrbit                                rbit         000000
__Lrbss                                rbss         000000
__Lrdata                               rdata        000000
__Lreset_vec                           reset_vec    000000
__Lsfr                                 sfr          000000
__Lsmallconst                          smallconst   000600
__Lspace_0                             (abs)        000000
__Lspace_1                             (abs)        000000
__Lspace_2                             (abs)        000000
__Lstack                               stack        000000
__Lstruct                              struct       000000
__Ltemp                                temp         000000
__Ltext                                text         000000
__Ltext0                               text0        000000
__Ltext1                               text1        000000
__Ltext2                               text2        000000
__Ltext3                               text3        000000
__Ltext4                               text4        000000
__Ltext5                               text5        000000
__S0                                   (abs)        30000E
__S1                                   (abs)        00007A
__S2                                   (abs)        000000
___inthi_sp                            stack        000000
___intlo_sp                            stack        000000
___param_bank                          (abs)        000000
___rparam_used                         (abs)        000000
___sp                                  stack        000000
__accesstop                            (abs)        000060
__activetblptr                         (abs)        000001
__end_of_CloseI2C                      text5        000826
__end_of_OpenI2C                       text4        00081A
__end_of_OpenUSART                     text3        0006EC
__end_of_System_HighPriorityInterrupt  intcode_body 000752
__end_of_System_Init                   text1        0007D6
__end_of_System_LowPriorityInterrupt   intcodelo    0000A2
__end_of__initialization               cinit        0007EE
__end_of_baudUSART                     text2        000822
__end_of_main                          text0        000794
__end_ofatan@coeff_a                   smallconst   000665
__end_ofatan@coeff_b                   smallconst   000679
__end_ofexp@coeff                      smallconst   000629
__end_oflog@coeff                      smallconst   00064D
__initialization                       cinit        0007D6
__mediumconst                          mediumconst  000000
__pbssBANK0                            bssBANK0     00006E
__pbssCOMRAM                           bssCOMRAM    000001
__pcinit                               cinit        0007D6
__pcstackBANK0                         cstackBANK0  000060
__pcstackCOMRAM                        cstackCOMRAM 000037
__pintcode                             intcode      000008
__pintcode_body                        intcode_body 0006EC
__pintcodelo                           intcodelo    000018
__psmallconst                          smallconst   000600
__ptext0                               text0        000752
__ptext1                               text1        000794
__ptext2                               text2        00081A
__ptext3                               text3        00067A
__ptext4                               text4        0007FC
__ptext5                               text5        000822
__ramtop                               ramtop       000600
__size_of_CloseI2C                     (abs)        000000
__size_of_OpenI2C                      (abs)        000000
__size_of_OpenUSART                    (abs)        000000
__size_of_System_HighPriorityInterrupt (abs)        000000
__size_of_System_Init                  (abs)        000000
__size_of_System_LowPriorityInterrupt  (abs)        000000
__size_of_baudUSART                    (abs)        000000
__size_of_main                         (abs)        000000
__smallconst                           smallconst   000600
_baudUSART                             text2        00081A
_errno                                 bssCOMRAM    000035
_main                                  text0        000752
baudUSART@baudconfig                   cstackCOMRAM 000048
end_of_initialization                  cinit        0007EE
gyros@Gyros_Angle                      bssCOMRAM    00002D
gyros@Gyros_LastAccel                  bssCOMRAM    00000D
gyros@Gyros_Vel                        bssCOMRAM    000019
int_func                               intcode_body 0006EC
intlevel0                              text         000000
intlevel1                              text         000000
intlevel2                              text         000000
intlevel3                              text         000000
main@i                                 cstackCOMRAM 00004C
stackhi                                (abs)        0005FF
stacklo                                (abs)        00007A
start                                  init         0000A2
start_initialization                   cinit        0007D6


FUNCTION INFORMATION:

 *************** function _main *****************
 Defined at:
		line 67 in file "main.c"
 Parameters:    Size  Location     Type
		None
 Auto vars:     Size  Location     Type
  i               2   21[COMRAM] int 
 Return value:  Size  Location     Type
		None               void
 Registers used:
		wreg, status,2, status,0, cstack
 Tracked objects:
		On entry : 
		On exit  : 
		Unchanged: 
 Data sizes:     COMRAM   BANK0   BANK1   BANK2   BANK3   BANK4   BANK5
      Params:         0       0       0       0       0       0       0
      Locals:         2       0       0       0       0       0       0
      Temps:          1       0       0       0       0       0       0
      Totals:         3       0       0       0       0       0       0
Total ram usage:        3 bytes
 Hardware stack levels required when called:    4
 This function calls:
		_System_Init
 This function is called by:
		Startup code after reset
 This function uses a non-reentrant model


 *************** function _System_Init *****************
 Defined at:
		line 13 in file "system.c"
 Parameters:    Size  Location     Type
		None
 Auto vars:     Size  Location     Type
		None
 Return value:  Size  Location     Type
		None               void
 Registers used:
		wreg, status,2, status,0, cstack
 Tracked objects:
		On entry : 
		On exit  : 
		Unchanged: 
 Data sizes:     COMRAM   BANK0   BANK1   BANK2   BANK3   BANK4   BANK5
      Params:         0       0       0       0       0       0       0
      Locals:         0       0       0       0       0       0       0
      Temps:          0       0       0       0       0       0       0
      Totals:         0       0       0       0       0       0       0
Total ram usage:        0 bytes
 Hardware stack levels used:    1
 Hardware stack levels required when called:    3
 This function calls:
		_CloseI2C
		_OpenI2C
		_OpenUSART
		_baudUSART
 This function is called by:
		_main
 This function uses a non-reentrant model


 *************** function _baudUSART *****************
 Defined at:
		line 15 in file "C:\Program Files (x86)\Microchip\xc8\v1.34\sources\pic18\plib\USART\ubaud.c"
 Parameters:    Size  Location     Type
  baudconfig      1    wreg     unsigned char 
 Auto vars:     Size  Location     Type
  baudconfig      1   17[COMRAM] unsigned char 
 Return value:  Size  Location     Type
		None               void
 Registers used:
		wreg
 Tracked objects:
		On entry : 
		On exit  : 
		Unchanged: 
 Data sizes:     COMRAM   BANK0   BANK1   BANK2   BANK3   BANK4   BANK5
      Params:         0       0       0       0       0       0       0
      Locals:         1       0       0       0       0       0       0
      Temps:          0       0       0       0       0       0       0
      Totals:         1       0       0       0       0       0       0
Total ram usage:        1 bytes
 Hardware stack levels used:    1
 Hardware stack levels required when called:    2
 This function calls:
		Nothing
 This function is called by:
		_System_Init
 This function uses a non-reentrant model


 *************** function _OpenUSART *****************
 Defined at:
		line 73 in file "C:\Program Files (x86)\Microchip\xc8\v1.34\sources\pic18\plib\USART\uopen.c"
 Parameters:    Size  Location     Type
  config          1    wreg     unsigned char 
  spbrg           2   17[COMRAM] unsigned int 
 Auto vars:     Size  Location     Type
  config          1   19[COMRAM] unsigned char 
 Return value:  Size  Location     Type
		None               void
 Registers used:
		wreg, status,2
 Tracked objects:
		On entry : 
		On exit  : 
		Unchanged: 
 Data sizes:     COMRAM   BANK0   BANK1   BANK2   BANK3   BANK4   BANK5
      Params:         2       0       0       0       0       0       0
      Locals:         1       0       0       0       0       0       0
      Temps:          0       0       0       0       0       0       0
      Totals:         3       0       0       0       0       0       0
Total ram usage:        3 bytes
 Hardware stack levels used:    1
 Hardware stack levels required when called:    2
 This function calls:
		Nothing
 This function is called by:
		_System_Init
 This function uses a non-reentrant model


 *************** function _OpenI2C *****************
 Defined at:
		line 14 in file "C:\Program Files (x86)\Microchip\xc8\v1.34\sources\pic18\plib\i2c\i2c_open.c"
 Parameters:    Size  Location     Type
  sync_mode       1    wreg     unsigned char 
  slew            1   17[COMRAM] unsigned char 
 Auto vars:     Size  Location     Type
  sync_mode       1   18[COMRAM] unsigned char 
 Return value:  Size  Location     Type
		None               void
 Registers used:
		wreg, status,2, status,0
 Tracked objects:
		On entry : 
		On exit  : 
		Unchanged: 
 Data sizes:     COMRAM   BANK0   BANK1   BANK2   BANK3   BANK4   BANK5
      Params:         1       0       0       0       0       0       0
      Locals:         1       0       0       0       0       0       0
      Temps:          0       0       0       0       0       0       0
      Totals:         2       0       0       0       0       0       0
Total ram usage:        2 bytes
 Hardware stack levels used:    1
 Hardware stack levels required when called:    2
 This function calls:
		Nothing
 This function is called by:
		_System_Init
 This function uses a non-reentrant model


 *************** function _CloseI2C *****************
 Defined at:
		line 19 in file "C:\Program Files (x86)\Microchip\xc8\v1.34\sources\pic18\plib\i2c\i2c_clos.c"
 Parameters:    Size  Location     Type
		None
 Auto vars:     Size  Location     Type
		None
 Return value:  Size  Location     Type
		None               void
 Registers used:
		status,2, status,0
 Tracked objects:
		On entry : 
		On exit  : 
		Unchanged: 
 Data sizes:     COMRAM   BANK0   BANK1   BANK2   BANK3   BANK4   BANK5
      Params:         0       0       0       0       0       0       0
      Locals:         0       0       0       0       0       0       0
      Temps:          0       0       0       0       0       0       0
      Totals:         0       0       0       0       0       0       0
Total ram usage:        0 bytes
 Hardware stack levels used:    1
 Hardware stack levels required when called:    2
 This function calls:
		Nothing
 This function is called by:
		_System_Init
 This function uses a non-reentrant model


 *************** function _System_LowPriorityInterrupt *****************
 Defined at:
		line 8 in file "system.c"
 Parameters:    Size  Location     Type
		None
 Auto vars:     Size  Location     Type
		None
 Return value:  Size  Location     Type
		None               void
 Registers used:
		None
 Tracked objects:
		On entry : 
		On exit  : 
		Unchanged: 
 Data sizes:     COMRAM   BANK0   BANK1   BANK2   BANK3   BANK4   BANK5
      Params:         0       0       0       0       0       0       0
      Locals:         0       0       0       0       0       0       0
      Temps:         17       0       0       0       0       0       0
      Totals:        17       0       0       0       0       0       0
Total ram usage:       17 bytes
 Hardware stack levels used:    1
 Hardware stack levels required when called:    1
 This function calls:
		Nothing
 This function is called by:
		Interrupt level 1
 This function uses a non-reentrant model


 *************** function _System_HighPriorityInterrupt *****************
 Defined at:
		line 3 in file "system.c"
 Parameters:    Size  Location     Type
		None
 Auto vars:     Size  Location     Type
		None
 Return value:  Size  Location     Type
		None               void
 Registers used:
		None
 Tracked objects:
		On entry : 
		On exit  : 
		Unchanged: 
 Data sizes:     COMRAM   BANK0   BANK1   BANK2   BANK3   BANK4   BANK5
      Params:         0       0       0       0       0       0       0
      Locals:         0       0       0       0       0       0       0
      Temps:          0      14       0       0       0       0       0
      Totals:         0      14       0       0       0       0       0
Total ram usage:       14 bytes
 Hardware stack levels used:    1
 This function calls:
		Nothing
 This function is called by:
		Interrupt level 2
 This function uses a non-reentrant model



MODULE INFORMATION

Module		Function		Class		Link	Load	Size
C:\Program Files (x86)\Microchip\xc8\v1.34\sources\pic18\plib\i2c\i2c_clos.c
		_CloseI2C      		CODE           	0822	0000	5

C:\Program Files (x86)\Microchip\xc8\v1.34\sources\pic18\plib\i2c\i2c_clos.c estimated size: 5

C:\Program Files (x86)\Microchip\xc8\v1.34\sources\pic18\plib\USART\uopen.c
		_OpenUSART     		CODE           	067A	0000	115

C:\Program Files (x86)\Microchip\xc8\v1.34\sources\pic18\plib\USART\uopen.c estimated size: 115

C:\Program Files (x86)\Microchip\xc8\v1.34\sources\pic18\plib\USART\ubaud.c
		_baudUSART     		CODE           	081A	0000	9

C:\Program Files (x86)\Microchip\xc8\v1.34\sources\pic18\plib\USART\ubaud.c estimated size: 9

shared
		exp@coeff      		SMALLCONST     	0000	0000	0
		atan@coeff_a   		SMALLCONST     	0000	0000	0
		atan@coeff_b   		SMALLCONST     	0000	0000	0
		__initializatio		CODE           	07D6	0000	25
		log@coeff      		SMALLCONST     	0000	0000	0

shared estimated size: 25

C:\Program Files (x86)\Microchip\xc8\v1.34\sources\pic18\plib\i2c\i2c_open.c
		_OpenI2C       		CODE           	07FC	0000	31

C:\Program Files (x86)\Microchip\xc8\v1.34\sources\pic18\plib\i2c\i2c_open.c estimated size: 31

main.c
		_main          		CODE           	0752	0000	67

main.c estimated size: 67

system.c
		_System_HighPri		CODE           	0008	0000	119
		_System_LowPrio		CODE           	0018	0000	139
		_System_Init   		CODE           	0794	0000	67

system.c estimated size: 325

